
> nextjs-app-template@0.1.0 test
> jest

jest-haste-map: duplicate manual mock found: lucide-react
  The following files share their name; please delete one of them:
    * <rootDir>/__mocks__/lucide-react.js
    * <rootDir>/__tests__/__mocks__/lucide-react.js

(node:93130) [DEP0040] DeprecationWarning: The `punycode` module is deprecated. Please use a userland alternative instead.
(Use `node --trace-deprecation ...` to show where the warning was created)
PASS __tests__/__mocks__/lucide-react.js
(node:93128) [DEP0040] DeprecationWarning: The `punycode` module is deprecated. Please use a userland alternative instead.
(Use `node --trace-deprecation ...` to show where the warning was created)
(node:93129) [DEP0040] DeprecationWarning: The `punycode` module is deprecated. Please use a userland alternative instead.
(Use `node --trace-deprecation ...` to show where the warning was created)
(node:93127) [DEP0040] DeprecationWarning: The `punycode` module is deprecated. Please use a userland alternative instead.
(Use `node --trace-deprecation ...` to show where the warning was created)
(node:93125) [DEP0040] DeprecationWarning: The `punycode` module is deprecated. Please use a userland alternative instead.
(Use `node --trace-deprecation ...` to show where the warning was created)
PASS __tests__/signup.test.tsx
PASS __tests__/login.test.tsx
(node:93126) [DEP0040] DeprecationWarning: The `punycode` module is deprecated. Please use a userland alternative instead.
(Use `node --trace-deprecation ...` to show where the warning was created)
(node:93123) [DEP0040] DeprecationWarning: The `punycode` module is deprecated. Please use a userland alternative instead.
(Use `node --trace-deprecation ...` to show where the warning was created)
FAIL __tests__/adminPermission.test.tsx
  ● Console

    console.error
      Error: Uncaught [TypeError: (0 , _navigation.useSearchParams) is not a function]
          at Object.<anonymous> (__tests__/adminPermission.test.tsx:41:11)
          at new Promise (<anonymous>) {
        detail: TypeError: (0 , _navigation.useSearchParams) is not a function
            at Messages (/Users/ellahagen/Documents/Projects/h4i/cc-heritage-tree-foundation/src/app/messages/page.tsx:60:39)
            at renderWithHooks (/Users/ellahagen/Documents/Projects/h4i/cc-heritage-tree-foundation/node_modules/react-dom/cjs/react-dom.development.js:15486:18)
            at mountIndeterminateComponent (/Users/ellahagen/Documents/Projects/h4i/cc-heritage-tree-foundation/node_modules/react-dom/cjs/react-dom.development.js:20103:13)
            at beginWork (/Users/ellahagen/Documents/Projects/h4i/cc-heritage-tree-foundation/node_modules/react-dom/cjs/react-dom.development.js:21626:16)
            at HTMLUnknownElement.callCallback (/Users/ellahagen/Documents/Projects/h4i/cc-heritage-tree-foundation/node_modules/react-dom/cjs/react-dom.development.js:4164:14)
            at HTMLUnknownElement.callTheUserObjectsOperation (/Users/ellahagen/Documents/Projects/h4i/cc-heritage-tree-foundation/node_modules/jsdom/lib/jsdom/living/generated/EventListener.js:26:30)
            at innerInvokeEventListeners (/Users/ellahagen/Documents/Projects/h4i/cc-heritage-tree-foundation/node_modules/jsdom/lib/jsdom/living/events/EventTarget-impl.js:350:25)
            at invokeEventListeners (/Users/ellahagen/Documents/Projects/h4i/cc-heritage-tree-foundation/node_modules/jsdom/lib/jsdom/living/events/EventTarget-impl.js:286:3)
            at HTMLUnknownElementImpl._dispatch (/Users/ellahagen/Documents/Projects/h4i/cc-heritage-tree-foundation/node_modules/jsdom/lib/jsdom/living/events/EventTarget-impl.js:233:9)
            at HTMLUnknownElementImpl.dispatchEvent (/Users/ellahagen/Documents/Projects/h4i/cc-heritage-tree-foundation/node_modules/jsdom/lib/jsdom/living/events/EventTarget-impl.js:104:17)
            at HTMLUnknownElement.dispatchEvent (/Users/ellahagen/Documents/Projects/h4i/cc-heritage-tree-foundation/node_modules/jsdom/lib/jsdom/living/generated/EventTarget.js:241:34)
            at Object.invokeGuardedCallbackDev (/Users/ellahagen/Documents/Projects/h4i/cc-heritage-tree-foundation/node_modules/react-dom/cjs/react-dom.development.js:4213:16)
            at invokeGuardedCallback (/Users/ellahagen/Documents/Projects/h4i/cc-heritage-tree-foundation/node_modules/react-dom/cjs/react-dom.development.js:4277:31)
            at beginWork$1 (/Users/ellahagen/Documents/Projects/h4i/cc-heritage-tree-foundation/node_modules/react-dom/cjs/react-dom.development.js:27490:7)
            at performUnitOfWork (/Users/ellahagen/Documents/Projects/h4i/cc-heritage-tree-foundation/node_modules/react-dom/cjs/react-dom.development.js:26599:12)
            at workLoopSync (/Users/ellahagen/Documents/Projects/h4i/cc-heritage-tree-foundation/node_modules/react-dom/cjs/react-dom.development.js:26505:5)
            at renderRootSync (/Users/ellahagen/Documents/Projects/h4i/cc-heritage-tree-foundation/node_modules/react-dom/cjs/react-dom.development.js:26473:7)
            at performConcurrentWorkOnRoot (/Users/ellahagen/Documents/Projects/h4i/cc-heritage-tree-foundation/node_modules/react-dom/cjs/react-dom.development.js:25777:74)
            at flushActQueue (/Users/ellahagen/Documents/Projects/h4i/cc-heritage-tree-foundation/node_modules/react/cjs/react.development.js:2667:24)
            at act (/Users/ellahagen/Documents/Projects/h4i/cc-heritage-tree-foundation/node_modules/react/cjs/react.development.js:2582:11)
            at /Users/ellahagen/Documents/Projects/h4i/cc-heritage-tree-foundation/node_modules/@testing-library/react/dist/act-compat.js:47:25
            at renderRoot (/Users/ellahagen/Documents/Projects/h4i/cc-heritage-tree-foundation/node_modules/@testing-library/react/dist/pure.js:188:26)
            at render (/Users/ellahagen/Documents/Projects/h4i/cc-heritage-tree-foundation/node_modules/@testing-library/react/dist/pure.js:287:10)
            at Object.<anonymous> (/Users/ellahagen/Documents/Projects/h4i/cc-heritage-tree-foundation/__tests__/adminPermission.test.tsx:41:11)
            at Promise.then.completed (/Users/ellahagen/Documents/Projects/h4i/cc-heritage-tree-foundation/node_modules/jest-circus/build/utils.js:298:28)
            at new Promise (<anonymous>)
            at callAsyncCircusFn (/Users/ellahagen/Documents/Projects/h4i/cc-heritage-tree-foundation/node_modules/jest-circus/build/utils.js:231:10)
            at _callCircusTest (/Users/ellahagen/Documents/Projects/h4i/cc-heritage-tree-foundation/node_modules/jest-circus/build/run.js:316:40)
            at processTicksAndRejections (node:internal/process/task_queues:105:5)
            at _runTest (/Users/ellahagen/Documents/Projects/h4i/cc-heritage-tree-foundation/node_modules/jest-circus/build/run.js:252:3)
            at _runTestsForDescribeBlock (/Users/ellahagen/Documents/Projects/h4i/cc-heritage-tree-foundation/node_modules/jest-circus/build/run.js:126:9)
            at _runTestsForDescribeBlock (/Users/ellahagen/Documents/Projects/h4i/cc-heritage-tree-foundation/node_modules/jest-circus/build/run.js:121:9)
            at run (/Users/ellahagen/Documents/Projects/h4i/cc-heritage-tree-foundation/node_modules/jest-circus/build/run.js:71:3)
            at runAndTransformResultsToJestFormat (/Users/ellahagen/Documents/Projects/h4i/cc-heritage-tree-foundation/node_modules/jest-circus/build/legacy-code-todo-rewrite/jestAdapterInit.js:122:21)
            at jestAdapter (/Users/ellahagen/Documents/Projects/h4i/cc-heritage-tree-foundation/node_modules/jest-circus/build/legacy-code-todo-rewrite/jestAdapter.js:79:19)
            at runTestInternal (/Users/ellahagen/Documents/Projects/h4i/cc-heritage-tree-foundation/node_modules/jest-runner/build/runTest.js:367:16)
            at runTest (/Users/ellahagen/Documents/Projects/h4i/cc-heritage-tree-foundation/node_modules/jest-runner/build/runTest.js:444:34)
            at Object.worker (/Users/ellahagen/Documents/Projects/h4i/cc-heritage-tree-foundation/node_modules/jest-runner/build/testWorker.js:106:12),
        type: 'unhandled exception'
      }

      39 |     });
      40 |
    > 41 |     render(<Messages />);
         |           ^
      42 |     expect(screen.getByText("New Message +")).toBeInTheDocument();
      43 |   });
      44 |

      at VirtualConsole.<anonymous> (node_modules/jest-environment-jsdom/build/index.js:63:23)
      at reportException (node_modules/jsdom/lib/jsdom/living/helpers/runtime-script-errors.js:70:28)
      at innerInvokeEventListeners (node_modules/jsdom/lib/jsdom/living/events/EventTarget-impl.js:353:9)
      at invokeEventListeners (node_modules/jsdom/lib/jsdom/living/events/EventTarget-impl.js:286:3)
      at HTMLUnknownElementImpl._dispatch (node_modules/jsdom/lib/jsdom/living/events/EventTarget-impl.js:233:9)
      at HTMLUnknownElementImpl.dispatchEvent (node_modules/jsdom/lib/jsdom/living/events/EventTarget-impl.js:104:17)
      at HTMLUnknownElement.dispatchEvent (node_modules/jsdom/lib/jsdom/living/generated/EventTarget.js:241:34)
      at Object.invokeGuardedCallbackDev (node_modules/react-dom/cjs/react-dom.development.js:4213:16)
      at invokeGuardedCallback (node_modules/react-dom/cjs/react-dom.development.js:4277:31)
      at beginWork$1 (node_modules/react-dom/cjs/react-dom.development.js:27490:7)
      at performUnitOfWork (node_modules/react-dom/cjs/react-dom.development.js:26599:12)
      at workLoopSync (node_modules/react-dom/cjs/react-dom.development.js:26505:5)
      at renderRootSync (node_modules/react-dom/cjs/react-dom.development.js:26473:7)
      at performConcurrentWorkOnRoot (node_modules/react-dom/cjs/react-dom.development.js:25777:74)
      at flushActQueue (node_modules/react/cjs/react.development.js:2667:24)
      at act (node_modules/react/cjs/react.development.js:2582:11)
      at node_modules/@testing-library/react/dist/act-compat.js:47:25
      at renderRoot (node_modules/@testing-library/react/dist/pure.js:188:26)
      at render (node_modules/@testing-library/react/dist/pure.js:287:10)
      at Object.<anonymous> (__tests__/adminPermission.test.tsx:41:11)

    console.error
      Error: Uncaught [TypeError: (0 , _navigation.useSearchParams) is not a function]
          at Object.<anonymous> (__tests__/adminPermission.test.tsx:41:11)
          at new Promise (<anonymous>) {
        detail: TypeError: (0 , _navigation.useSearchParams) is not a function
            at Messages (/Users/ellahagen/Documents/Projects/h4i/cc-heritage-tree-foundation/src/app/messages/page.tsx:60:39)
            at renderWithHooks (/Users/ellahagen/Documents/Projects/h4i/cc-heritage-tree-foundation/node_modules/react-dom/cjs/react-dom.development.js:15486:18)
            at mountIndeterminateComponent (/Users/ellahagen/Documents/Projects/h4i/cc-heritage-tree-foundation/node_modules/react-dom/cjs/react-dom.development.js:20103:13)
            at beginWork (/Users/ellahagen/Documents/Projects/h4i/cc-heritage-tree-foundation/node_modules/react-dom/cjs/react-dom.development.js:21626:16)
            at HTMLUnknownElement.callCallback (/Users/ellahagen/Documents/Projects/h4i/cc-heritage-tree-foundation/node_modules/react-dom/cjs/react-dom.development.js:4164:14)
            at HTMLUnknownElement.callTheUserObjectsOperation (/Users/ellahagen/Documents/Projects/h4i/cc-heritage-tree-foundation/node_modules/jsdom/lib/jsdom/living/generated/EventListener.js:26:30)
            at innerInvokeEventListeners (/Users/ellahagen/Documents/Projects/h4i/cc-heritage-tree-foundation/node_modules/jsdom/lib/jsdom/living/events/EventTarget-impl.js:350:25)
            at invokeEventListeners (/Users/ellahagen/Documents/Projects/h4i/cc-heritage-tree-foundation/node_modules/jsdom/lib/jsdom/living/events/EventTarget-impl.js:286:3)
            at HTMLUnknownElementImpl._dispatch (/Users/ellahagen/Documents/Projects/h4i/cc-heritage-tree-foundation/node_modules/jsdom/lib/jsdom/living/events/EventTarget-impl.js:233:9)
            at HTMLUnknownElementImpl.dispatchEvent (/Users/ellahagen/Documents/Projects/h4i/cc-heritage-tree-foundation/node_modules/jsdom/lib/jsdom/living/events/EventTarget-impl.js:104:17)
            at HTMLUnknownElement.dispatchEvent (/Users/ellahagen/Documents/Projects/h4i/cc-heritage-tree-foundation/node_modules/jsdom/lib/jsdom/living/generated/EventTarget.js:241:34)
            at Object.invokeGuardedCallbackDev (/Users/ellahagen/Documents/Projects/h4i/cc-heritage-tree-foundation/node_modules/react-dom/cjs/react-dom.development.js:4213:16)
            at invokeGuardedCallback (/Users/ellahagen/Documents/Projects/h4i/cc-heritage-tree-foundation/node_modules/react-dom/cjs/react-dom.development.js:4277:31)
            at beginWork$1 (/Users/ellahagen/Documents/Projects/h4i/cc-heritage-tree-foundation/node_modules/react-dom/cjs/react-dom.development.js:27490:7)
            at performUnitOfWork (/Users/ellahagen/Documents/Projects/h4i/cc-heritage-tree-foundation/node_modules/react-dom/cjs/react-dom.development.js:26599:12)
            at workLoopSync (/Users/ellahagen/Documents/Projects/h4i/cc-heritage-tree-foundation/node_modules/react-dom/cjs/react-dom.development.js:26505:5)
            at renderRootSync (/Users/ellahagen/Documents/Projects/h4i/cc-heritage-tree-foundation/node_modules/react-dom/cjs/react-dom.development.js:26473:7)
            at recoverFromConcurrentError (/Users/ellahagen/Documents/Projects/h4i/cc-heritage-tree-foundation/node_modules/react-dom/cjs/react-dom.development.js:25889:20)
            at performConcurrentWorkOnRoot (/Users/ellahagen/Documents/Projects/h4i/cc-heritage-tree-foundation/node_modules/react-dom/cjs/react-dom.development.js:25789:22)
            at flushActQueue (/Users/ellahagen/Documents/Projects/h4i/cc-heritage-tree-foundation/node_modules/react/cjs/react.development.js:2667:24)
            at act (/Users/ellahagen/Documents/Projects/h4i/cc-heritage-tree-foundation/node_modules/react/cjs/react.development.js:2582:11)
            at /Users/ellahagen/Documents/Projects/h4i/cc-heritage-tree-foundation/node_modules/@testing-library/react/dist/act-compat.js:47:25
            at renderRoot (/Users/ellahagen/Documents/Projects/h4i/cc-heritage-tree-foundation/node_modules/@testing-library/react/dist/pure.js:188:26)
            at render (/Users/ellahagen/Documents/Projects/h4i/cc-heritage-tree-foundation/node_modules/@testing-library/react/dist/pure.js:287:10)
            at Object.<anonymous> (/Users/ellahagen/Documents/Projects/h4i/cc-heritage-tree-foundation/__tests__/adminPermission.test.tsx:41:11)
            at Promise.then.completed (/Users/ellahagen/Documents/Projects/h4i/cc-heritage-tree-foundation/node_modules/jest-circus/build/utils.js:298:28)
            at new Promise (<anonymous>)
            at callAsyncCircusFn (/Users/ellahagen/Documents/Projects/h4i/cc-heritage-tree-foundation/node_modules/jest-circus/build/utils.js:231:10)
            at _callCircusTest (/Users/ellahagen/Documents/Projects/h4i/cc-heritage-tree-foundation/node_modules/jest-circus/build/run.js:316:40)
            at processTicksAndRejections (node:internal/process/task_queues:105:5)
            at _runTest (/Users/ellahagen/Documents/Projects/h4i/cc-heritage-tree-foundation/node_modules/jest-circus/build/run.js:252:3)
            at _runTestsForDescribeBlock (/Users/ellahagen/Documents/Projects/h4i/cc-heritage-tree-foundation/node_modules/jest-circus/build/run.js:126:9)
            at _runTestsForDescribeBlock (/Users/ellahagen/Documents/Projects/h4i/cc-heritage-tree-foundation/node_modules/jest-circus/build/run.js:121:9)
            at run (/Users/ellahagen/Documents/Projects/h4i/cc-heritage-tree-foundation/node_modules/jest-circus/build/run.js:71:3)
            at runAndTransformResultsToJestFormat (/Users/ellahagen/Documents/Projects/h4i/cc-heritage-tree-foundation/node_modules/jest-circus/build/legacy-code-todo-rewrite/jestAdapterInit.js:122:21)
            at jestAdapter (/Users/ellahagen/Documents/Projects/h4i/cc-heritage-tree-foundation/node_modules/jest-circus/build/legacy-code-todo-rewrite/jestAdapter.js:79:19)
            at runTestInternal (/Users/ellahagen/Documents/Projects/h4i/cc-heritage-tree-foundation/node_modules/jest-runner/build/runTest.js:367:16)
            at runTest (/Users/ellahagen/Documents/Projects/h4i/cc-heritage-tree-foundation/node_modules/jest-runner/build/runTest.js:444:34)
            at Object.worker (/Users/ellahagen/Documents/Projects/h4i/cc-heritage-tree-foundation/node_modules/jest-runner/build/testWorker.js:106:12),
        type: 'unhandled exception'
      }

      39 |     });
      40 |
    > 41 |     render(<Messages />);
         |           ^
      42 |     expect(screen.getByText("New Message +")).toBeInTheDocument();
      43 |   });
      44 |

      at VirtualConsole.<anonymous> (node_modules/jest-environment-jsdom/build/index.js:63:23)
      at reportException (node_modules/jsdom/lib/jsdom/living/helpers/runtime-script-errors.js:70:28)
      at innerInvokeEventListeners (node_modules/jsdom/lib/jsdom/living/events/EventTarget-impl.js:353:9)
      at invokeEventListeners (node_modules/jsdom/lib/jsdom/living/events/EventTarget-impl.js:286:3)
      at HTMLUnknownElementImpl._dispatch (node_modules/jsdom/lib/jsdom/living/events/EventTarget-impl.js:233:9)
      at HTMLUnknownElementImpl.dispatchEvent (node_modules/jsdom/lib/jsdom/living/events/EventTarget-impl.js:104:17)
      at HTMLUnknownElement.dispatchEvent (node_modules/jsdom/lib/jsdom/living/generated/EventTarget.js:241:34)
      at Object.invokeGuardedCallbackDev (node_modules/react-dom/cjs/react-dom.development.js:4213:16)
      at invokeGuardedCallback (node_modules/react-dom/cjs/react-dom.development.js:4277:31)
      at beginWork$1 (node_modules/react-dom/cjs/react-dom.development.js:27490:7)
      at performUnitOfWork (node_modules/react-dom/cjs/react-dom.development.js:26599:12)
      at workLoopSync (node_modules/react-dom/cjs/react-dom.development.js:26505:5)
      at renderRootSync (node_modules/react-dom/cjs/react-dom.development.js:26473:7)
      at recoverFromConcurrentError (node_modules/react-dom/cjs/react-dom.development.js:25889:20)
      at performConcurrentWorkOnRoot (node_modules/react-dom/cjs/react-dom.development.js:25789:22)
      at flushActQueue (node_modules/react/cjs/react.development.js:2667:24)
      at act (node_modules/react/cjs/react.development.js:2582:11)
      at node_modules/@testing-library/react/dist/act-compat.js:47:25
      at renderRoot (node_modules/@testing-library/react/dist/pure.js:188:26)
      at render (node_modules/@testing-library/react/dist/pure.js:287:10)
      at Object.<anonymous> (__tests__/adminPermission.test.tsx:41:11)

    console.error
      The above error occurred in the <Messages> component:
      
          at Messages (/Users/ellahagen/Documents/Projects/h4i/cc-heritage-tree-foundation/src/app/messages/page.tsx:36:25)
      
      Consider adding an error boundary to your tree to customize error handling behavior.
      Visit https://reactjs.org/link/error-boundaries to learn more about error boundaries.

      39 |     });
      40 |
    > 41 |     render(<Messages />);
         |           ^
      42 |     expect(screen.getByText("New Message +")).toBeInTheDocument();
      43 |   });
      44 |

      at logCapturedError (node_modules/react-dom/cjs/react-dom.development.js:18704:23)
      at update.callback (node_modules/react-dom/cjs/react-dom.development.js:18737:5)
      at callCallback (node_modules/react-dom/cjs/react-dom.development.js:15036:12)
      at commitUpdateQueue (node_modules/react-dom/cjs/react-dom.development.js:15057:9)
      at commitLayoutEffectOnFiber (node_modules/react-dom/cjs/react-dom.development.js:23430:13)
      at commitLayoutMountEffects_complete (node_modules/react-dom/cjs/react-dom.development.js:24727:9)
      at commitLayoutEffects_begin (node_modules/react-dom/cjs/react-dom.development.js:24713:7)
      at commitLayoutEffects (node_modules/react-dom/cjs/react-dom.development.js:24651:3)
      at commitRootImpl (node_modules/react-dom/cjs/react-dom.development.js:26862:5)
      at commitRoot (node_modules/react-dom/cjs/react-dom.development.js:26721:5)
      at finishConcurrentRender (node_modules/react-dom/cjs/react-dom.development.js:25931:9)
      at performConcurrentWorkOnRoot (node_modules/react-dom/cjs/react-dom.development.js:25848:7)
      at flushActQueue (node_modules/react/cjs/react.development.js:2667:24)
      at act (node_modules/react/cjs/react.development.js:2582:11)
      at node_modules/@testing-library/react/dist/act-compat.js:47:25
      at renderRoot (node_modules/@testing-library/react/dist/pure.js:188:26)
      at render (node_modules/@testing-library/react/dist/pure.js:287:10)
      at Object.<anonymous> (__tests__/adminPermission.test.tsx:41:11)

    console.error
      Error: Uncaught [TypeError: (0 , _navigation.useSearchParams) is not a function]
          at Object.<anonymous> (__tests__/adminPermission.test.tsx:53:11)
          at new Promise (<anonymous>) {
        detail: TypeError: (0 , _navigation.useSearchParams) is not a function
            at Messages (/Users/ellahagen/Documents/Projects/h4i/cc-heritage-tree-foundation/src/app/messages/page.tsx:60:39)
            at renderWithHooks (/Users/ellahagen/Documents/Projects/h4i/cc-heritage-tree-foundation/node_modules/react-dom/cjs/react-dom.development.js:15486:18)
            at mountIndeterminateComponent (/Users/ellahagen/Documents/Projects/h4i/cc-heritage-tree-foundation/node_modules/react-dom/cjs/react-dom.development.js:20103:13)
            at beginWork (/Users/ellahagen/Documents/Projects/h4i/cc-heritage-tree-foundation/node_modules/react-dom/cjs/react-dom.development.js:21626:16)
            at HTMLUnknownElement.callCallback (/Users/ellahagen/Documents/Projects/h4i/cc-heritage-tree-foundation/node_modules/react-dom/cjs/react-dom.development.js:4164:14)
            at HTMLUnknownElement.callTheUserObjectsOperation (/Users/ellahagen/Documents/Projects/h4i/cc-heritage-tree-foundation/node_modules/jsdom/lib/jsdom/living/generated/EventListener.js:26:30)
            at innerInvokeEventListeners (/Users/ellahagen/Documents/Projects/h4i/cc-heritage-tree-foundation/node_modules/jsdom/lib/jsdom/living/events/EventTarget-impl.js:350:25)
            at invokeEventListeners (/Users/ellahagen/Documents/Projects/h4i/cc-heritage-tree-foundation/node_modules/jsdom/lib/jsdom/living/events/EventTarget-impl.js:286:3)
            at HTMLUnknownElementImpl._dispatch (/Users/ellahagen/Documents/Projects/h4i/cc-heritage-tree-foundation/node_modules/jsdom/lib/jsdom/living/events/EventTarget-impl.js:233:9)
            at HTMLUnknownElementImpl.dispatchEvent (/Users/ellahagen/Documents/Projects/h4i/cc-heritage-tree-foundation/node_modules/jsdom/lib/jsdom/living/events/EventTarget-impl.js:104:17)
            at HTMLUnknownElement.dispatchEvent (/Users/ellahagen/Documents/Projects/h4i/cc-heritage-tree-foundation/node_modules/jsdom/lib/jsdom/living/generated/EventTarget.js:241:34)
            at Object.invokeGuardedCallbackDev (/Users/ellahagen/Documents/Projects/h4i/cc-heritage-tree-foundation/node_modules/react-dom/cjs/react-dom.development.js:4213:16)
            at invokeGuardedCallback (/Users/ellahagen/Documents/Projects/h4i/cc-heritage-tree-foundation/node_modules/react-dom/cjs/react-dom.development.js:4277:31)
            at beginWork$1 (/Users/ellahagen/Documents/Projects/h4i/cc-heritage-tree-foundation/node_modules/react-dom/cjs/react-dom.development.js:27490:7)
            at performUnitOfWork (/Users/ellahagen/Documents/Projects/h4i/cc-heritage-tree-foundation/node_modules/react-dom/cjs/react-dom.development.js:26599:12)
            at workLoopSync (/Users/ellahagen/Documents/Projects/h4i/cc-heritage-tree-foundation/node_modules/react-dom/cjs/react-dom.development.js:26505:5)
            at renderRootSync (/Users/ellahagen/Documents/Projects/h4i/cc-heritage-tree-foundation/node_modules/react-dom/cjs/react-dom.development.js:26473:7)
            at performConcurrentWorkOnRoot (/Users/ellahagen/Documents/Projects/h4i/cc-heritage-tree-foundation/node_modules/react-dom/cjs/react-dom.development.js:25777:74)
            at flushActQueue (/Users/ellahagen/Documents/Projects/h4i/cc-heritage-tree-foundation/node_modules/react/cjs/react.development.js:2667:24)
            at act (/Users/ellahagen/Documents/Projects/h4i/cc-heritage-tree-foundation/node_modules/react/cjs/react.development.js:2582:11)
            at /Users/ellahagen/Documents/Projects/h4i/cc-heritage-tree-foundation/node_modules/@testing-library/react/dist/act-compat.js:47:25
            at renderRoot (/Users/ellahagen/Documents/Projects/h4i/cc-heritage-tree-foundation/node_modules/@testing-library/react/dist/pure.js:188:26)
            at render (/Users/ellahagen/Documents/Projects/h4i/cc-heritage-tree-foundation/node_modules/@testing-library/react/dist/pure.js:287:10)
            at Object.<anonymous> (/Users/ellahagen/Documents/Projects/h4i/cc-heritage-tree-foundation/__tests__/adminPermission.test.tsx:53:11)
            at Promise.then.completed (/Users/ellahagen/Documents/Projects/h4i/cc-heritage-tree-foundation/node_modules/jest-circus/build/utils.js:298:28)
            at new Promise (<anonymous>)
            at callAsyncCircusFn (/Users/ellahagen/Documents/Projects/h4i/cc-heritage-tree-foundation/node_modules/jest-circus/build/utils.js:231:10)
            at _callCircusTest (/Users/ellahagen/Documents/Projects/h4i/cc-heritage-tree-foundation/node_modules/jest-circus/build/run.js:316:40)
            at processTicksAndRejections (node:internal/process/task_queues:105:5)
            at _runTest (/Users/ellahagen/Documents/Projects/h4i/cc-heritage-tree-foundation/node_modules/jest-circus/build/run.js:252:3)
            at _runTestsForDescribeBlock (/Users/ellahagen/Documents/Projects/h4i/cc-heritage-tree-foundation/node_modules/jest-circus/build/run.js:126:9)
            at _runTestsForDescribeBlock (/Users/ellahagen/Documents/Projects/h4i/cc-heritage-tree-foundation/node_modules/jest-circus/build/run.js:121:9)
            at run (/Users/ellahagen/Documents/Projects/h4i/cc-heritage-tree-foundation/node_modules/jest-circus/build/run.js:71:3)
            at runAndTransformResultsToJestFormat (/Users/ellahagen/Documents/Projects/h4i/cc-heritage-tree-foundation/node_modules/jest-circus/build/legacy-code-todo-rewrite/jestAdapterInit.js:122:21)
            at jestAdapter (/Users/ellahagen/Documents/Projects/h4i/cc-heritage-tree-foundation/node_modules/jest-circus/build/legacy-code-todo-rewrite/jestAdapter.js:79:19)
            at runTestInternal (/Users/ellahagen/Documents/Projects/h4i/cc-heritage-tree-foundation/node_modules/jest-runner/build/runTest.js:367:16)
            at runTest (/Users/ellahagen/Documents/Projects/h4i/cc-heritage-tree-foundation/node_modules/jest-runner/build/runTest.js:444:34)
            at Object.worker (/Users/ellahagen/Documents/Projects/h4i/cc-heritage-tree-foundation/node_modules/jest-runner/build/testWorker.js:106:12),
        type: 'unhandled exception'
      }

      51 |     });
      52 |
    > 53 |     render(<Messages />);
         |           ^
      54 |     expect(screen.queryByText("New Message +")).not.toBeInTheDocument();
      55 |   });
      56 | });

      at VirtualConsole.<anonymous> (node_modules/jest-environment-jsdom/build/index.js:63:23)
      at reportException (node_modules/jsdom/lib/jsdom/living/helpers/runtime-script-errors.js:70:28)
      at innerInvokeEventListeners (node_modules/jsdom/lib/jsdom/living/events/EventTarget-impl.js:353:9)
      at invokeEventListeners (node_modules/jsdom/lib/jsdom/living/events/EventTarget-impl.js:286:3)
      at HTMLUnknownElementImpl._dispatch (node_modules/jsdom/lib/jsdom/living/events/EventTarget-impl.js:233:9)
      at HTMLUnknownElementImpl.dispatchEvent (node_modules/jsdom/lib/jsdom/living/events/EventTarget-impl.js:104:17)
      at HTMLUnknownElement.dispatchEvent (node_modules/jsdom/lib/jsdom/living/generated/EventTarget.js:241:34)
      at Object.invokeGuardedCallbackDev (node_modules/react-dom/cjs/react-dom.development.js:4213:16)
      at invokeGuardedCallback (node_modules/react-dom/cjs/react-dom.development.js:4277:31)
      at beginWork$1 (node_modules/react-dom/cjs/react-dom.development.js:27490:7)
      at performUnitOfWork (node_modules/react-dom/cjs/react-dom.development.js:26599:12)
      at workLoopSync (node_modules/react-dom/cjs/react-dom.development.js:26505:5)
      at renderRootSync (node_modules/react-dom/cjs/react-dom.development.js:26473:7)
      at performConcurrentWorkOnRoot (node_modules/react-dom/cjs/react-dom.development.js:25777:74)
      at flushActQueue (node_modules/react/cjs/react.development.js:2667:24)
      at act (node_modules/react/cjs/react.development.js:2582:11)
      at node_modules/@testing-library/react/dist/act-compat.js:47:25
      at renderRoot (node_modules/@testing-library/react/dist/pure.js:188:26)
      at render (node_modules/@testing-library/react/dist/pure.js:287:10)
      at Object.<anonymous> (__tests__/adminPermission.test.tsx:53:11)

    console.error
      Error: Uncaught [TypeError: (0 , _navigation.useSearchParams) is not a function]
          at Object.<anonymous> (__tests__/adminPermission.test.tsx:53:11)
          at new Promise (<anonymous>) {
        detail: TypeError: (0 , _navigation.useSearchParams) is not a function
            at Messages (/Users/ellahagen/Documents/Projects/h4i/cc-heritage-tree-foundation/src/app/messages/page.tsx:60:39)
            at renderWithHooks (/Users/ellahagen/Documents/Projects/h4i/cc-heritage-tree-foundation/node_modules/react-dom/cjs/react-dom.development.js:15486:18)
            at mountIndeterminateComponent (/Users/ellahagen/Documents/Projects/h4i/cc-heritage-tree-foundation/node_modules/react-dom/cjs/react-dom.development.js:20103:13)
            at beginWork (/Users/ellahagen/Documents/Projects/h4i/cc-heritage-tree-foundation/node_modules/react-dom/cjs/react-dom.development.js:21626:16)
            at HTMLUnknownElement.callCallback (/Users/ellahagen/Documents/Projects/h4i/cc-heritage-tree-foundation/node_modules/react-dom/cjs/react-dom.development.js:4164:14)
            at HTMLUnknownElement.callTheUserObjectsOperation (/Users/ellahagen/Documents/Projects/h4i/cc-heritage-tree-foundation/node_modules/jsdom/lib/jsdom/living/generated/EventListener.js:26:30)
            at innerInvokeEventListeners (/Users/ellahagen/Documents/Projects/h4i/cc-heritage-tree-foundation/node_modules/jsdom/lib/jsdom/living/events/EventTarget-impl.js:350:25)
            at invokeEventListeners (/Users/ellahagen/Documents/Projects/h4i/cc-heritage-tree-foundation/node_modules/jsdom/lib/jsdom/living/events/EventTarget-impl.js:286:3)
            at HTMLUnknownElementImpl._dispatch (/Users/ellahagen/Documents/Projects/h4i/cc-heritage-tree-foundation/node_modules/jsdom/lib/jsdom/living/events/EventTarget-impl.js:233:9)
            at HTMLUnknownElementImpl.dispatchEvent (/Users/ellahagen/Documents/Projects/h4i/cc-heritage-tree-foundation/node_modules/jsdom/lib/jsdom/living/events/EventTarget-impl.js:104:17)
            at HTMLUnknownElement.dispatchEvent (/Users/ellahagen/Documents/Projects/h4i/cc-heritage-tree-foundation/node_modules/jsdom/lib/jsdom/living/generated/EventTarget.js:241:34)
            at Object.invokeGuardedCallbackDev (/Users/ellahagen/Documents/Projects/h4i/cc-heritage-tree-foundation/node_modules/react-dom/cjs/react-dom.development.js:4213:16)
            at invokeGuardedCallback (/Users/ellahagen/Documents/Projects/h4i/cc-heritage-tree-foundation/node_modules/react-dom/cjs/react-dom.development.js:4277:31)
            at beginWork$1 (/Users/ellahagen/Documents/Projects/h4i/cc-heritage-tree-foundation/node_modules/react-dom/cjs/react-dom.development.js:27490:7)
            at performUnitOfWork (/Users/ellahagen/Documents/Projects/h4i/cc-heritage-tree-foundation/node_modules/react-dom/cjs/react-dom.development.js:26599:12)
            at workLoopSync (/Users/ellahagen/Documents/Projects/h4i/cc-heritage-tree-foundation/node_modules/react-dom/cjs/react-dom.development.js:26505:5)
            at renderRootSync (/Users/ellahagen/Documents/Projects/h4i/cc-heritage-tree-foundation/node_modules/react-dom/cjs/react-dom.development.js:26473:7)
            at recoverFromConcurrentError (/Users/ellahagen/Documents/Projects/h4i/cc-heritage-tree-foundation/node_modules/react-dom/cjs/react-dom.development.js:25889:20)
            at performConcurrentWorkOnRoot (/Users/ellahagen/Documents/Projects/h4i/cc-heritage-tree-foundation/node_modules/react-dom/cjs/react-dom.development.js:25789:22)
            at flushActQueue (/Users/ellahagen/Documents/Projects/h4i/cc-heritage-tree-foundation/node_modules/react/cjs/react.development.js:2667:24)
            at act (/Users/ellahagen/Documents/Projects/h4i/cc-heritage-tree-foundation/node_modules/react/cjs/react.development.js:2582:11)
            at /Users/ellahagen/Documents/Projects/h4i/cc-heritage-tree-foundation/node_modules/@testing-library/react/dist/act-compat.js:47:25
            at renderRoot (/Users/ellahagen/Documents/Projects/h4i/cc-heritage-tree-foundation/node_modules/@testing-library/react/dist/pure.js:188:26)
            at render (/Users/ellahagen/Documents/Projects/h4i/cc-heritage-tree-foundation/node_modules/@testing-library/react/dist/pure.js:287:10)
            at Object.<anonymous> (/Users/ellahagen/Documents/Projects/h4i/cc-heritage-tree-foundation/__tests__/adminPermission.test.tsx:53:11)
            at Promise.then.completed (/Users/ellahagen/Documents/Projects/h4i/cc-heritage-tree-foundation/node_modules/jest-circus/build/utils.js:298:28)
            at new Promise (<anonymous>)
            at callAsyncCircusFn (/Users/ellahagen/Documents/Projects/h4i/cc-heritage-tree-foundation/node_modules/jest-circus/build/utils.js:231:10)
            at _callCircusTest (/Users/ellahagen/Documents/Projects/h4i/cc-heritage-tree-foundation/node_modules/jest-circus/build/run.js:316:40)
            at processTicksAndRejections (node:internal/process/task_queues:105:5)
            at _runTest (/Users/ellahagen/Documents/Projects/h4i/cc-heritage-tree-foundation/node_modules/jest-circus/build/run.js:252:3)
            at _runTestsForDescribeBlock (/Users/ellahagen/Documents/Projects/h4i/cc-heritage-tree-foundation/node_modules/jest-circus/build/run.js:126:9)
            at _runTestsForDescribeBlock (/Users/ellahagen/Documents/Projects/h4i/cc-heritage-tree-foundation/node_modules/jest-circus/build/run.js:121:9)
            at run (/Users/ellahagen/Documents/Projects/h4i/cc-heritage-tree-foundation/node_modules/jest-circus/build/run.js:71:3)
            at runAndTransformResultsToJestFormat (/Users/ellahagen/Documents/Projects/h4i/cc-heritage-tree-foundation/node_modules/jest-circus/build/legacy-code-todo-rewrite/jestAdapterInit.js:122:21)
            at jestAdapter (/Users/ellahagen/Documents/Projects/h4i/cc-heritage-tree-foundation/node_modules/jest-circus/build/legacy-code-todo-rewrite/jestAdapter.js:79:19)
            at runTestInternal (/Users/ellahagen/Documents/Projects/h4i/cc-heritage-tree-foundation/node_modules/jest-runner/build/runTest.js:367:16)
            at runTest (/Users/ellahagen/Documents/Projects/h4i/cc-heritage-tree-foundation/node_modules/jest-runner/build/runTest.js:444:34)
            at Object.worker (/Users/ellahagen/Documents/Projects/h4i/cc-heritage-tree-foundation/node_modules/jest-runner/build/testWorker.js:106:12),
        type: 'unhandled exception'
      }

      51 |     });
      52 |
    > 53 |     render(<Messages />);
         |           ^
      54 |     expect(screen.queryByText("New Message +")).not.toBeInTheDocument();
      55 |   });
      56 | });

      at VirtualConsole.<anonymous> (node_modules/jest-environment-jsdom/build/index.js:63:23)
      at reportException (node_modules/jsdom/lib/jsdom/living/helpers/runtime-script-errors.js:70:28)
      at innerInvokeEventListeners (node_modules/jsdom/lib/jsdom/living/events/EventTarget-impl.js:353:9)
      at invokeEventListeners (node_modules/jsdom/lib/jsdom/living/events/EventTarget-impl.js:286:3)
      at HTMLUnknownElementImpl._dispatch (node_modules/jsdom/lib/jsdom/living/events/EventTarget-impl.js:233:9)
      at HTMLUnknownElementImpl.dispatchEvent (node_modules/jsdom/lib/jsdom/living/events/EventTarget-impl.js:104:17)
      at HTMLUnknownElement.dispatchEvent (node_modules/jsdom/lib/jsdom/living/generated/EventTarget.js:241:34)
      at Object.invokeGuardedCallbackDev (node_modules/react-dom/cjs/react-dom.development.js:4213:16)
      at invokeGuardedCallback (node_modules/react-dom/cjs/react-dom.development.js:4277:31)
      at beginWork$1 (node_modules/react-dom/cjs/react-dom.development.js:27490:7)
      at performUnitOfWork (node_modules/react-dom/cjs/react-dom.development.js:26599:12)
      at workLoopSync (node_modules/react-dom/cjs/react-dom.development.js:26505:5)
      at renderRootSync (node_modules/react-dom/cjs/react-dom.development.js:26473:7)
      at recoverFromConcurrentError (node_modules/react-dom/cjs/react-dom.development.js:25889:20)
      at performConcurrentWorkOnRoot (node_modules/react-dom/cjs/react-dom.development.js:25789:22)
      at flushActQueue (node_modules/react/cjs/react.development.js:2667:24)
      at act (node_modules/react/cjs/react.development.js:2582:11)
      at node_modules/@testing-library/react/dist/act-compat.js:47:25
      at renderRoot (node_modules/@testing-library/react/dist/pure.js:188:26)
      at render (node_modules/@testing-library/react/dist/pure.js:287:10)
      at Object.<anonymous> (__tests__/adminPermission.test.tsx:53:11)

    console.error
      The above error occurred in the <Messages> component:
      
          at Messages (/Users/ellahagen/Documents/Projects/h4i/cc-heritage-tree-foundation/src/app/messages/page.tsx:36:25)
      
      Consider adding an error boundary to your tree to customize error handling behavior.
      Visit https://reactjs.org/link/error-boundaries to learn more about error boundaries.

      51 |     });
      52 |
    > 53 |     render(<Messages />);
         |           ^
      54 |     expect(screen.queryByText("New Message +")).not.toBeInTheDocument();
      55 |   });
      56 | });

      at logCapturedError (node_modules/react-dom/cjs/react-dom.development.js:18704:23)
      at update.callback (node_modules/react-dom/cjs/react-dom.development.js:18737:5)
      at callCallback (node_modules/react-dom/cjs/react-dom.development.js:15036:12)
      at commitUpdateQueue (node_modules/react-dom/cjs/react-dom.development.js:15057:9)
      at commitLayoutEffectOnFiber (node_modules/react-dom/cjs/react-dom.development.js:23430:13)
      at commitLayoutMountEffects_complete (node_modules/react-dom/cjs/react-dom.development.js:24727:9)
      at commitLayoutEffects_begin (node_modules/react-dom/cjs/react-dom.development.js:24713:7)
      at commitLayoutEffects (node_modules/react-dom/cjs/react-dom.development.js:24651:3)
      at commitRootImpl (node_modules/react-dom/cjs/react-dom.development.js:26862:5)
      at commitRoot (node_modules/react-dom/cjs/react-dom.development.js:26721:5)
      at finishConcurrentRender (node_modules/react-dom/cjs/react-dom.development.js:25931:9)
      at performConcurrentWorkOnRoot (node_modules/react-dom/cjs/react-dom.development.js:25848:7)
      at flushActQueue (node_modules/react/cjs/react.development.js:2667:24)
      at act (node_modules/react/cjs/react.development.js:2582:11)
      at node_modules/@testing-library/react/dist/act-compat.js:47:25
      at renderRoot (node_modules/@testing-library/react/dist/pure.js:188:26)
      at render (node_modules/@testing-library/react/dist/pure.js:287:10)
      at Object.<anonymous> (__tests__/adminPermission.test.tsx:53:11)

    console.error
      Error: Uncaught [TypeError: (0 , _navigation.usePathname) is not a function]
          at Object.<anonymous> (__tests__/adminPermission.test.tsx:67:11)
          at new Promise (<anonymous>) {
        detail: TypeError: (0 , _navigation.usePathname) is not a function
            at Navbar (/Users/ellahagen/Documents/Projects/h4i/cc-heritage-tree-foundation/src/components/Navbar.tsx:74:31)
            at renderWithHooks (/Users/ellahagen/Documents/Projects/h4i/cc-heritage-tree-foundation/node_modules/react-dom/cjs/react-dom.development.js:15486:18)
            at mountIndeterminateComponent (/Users/ellahagen/Documents/Projects/h4i/cc-heritage-tree-foundation/node_modules/react-dom/cjs/react-dom.development.js:20103:13)
            at beginWork (/Users/ellahagen/Documents/Projects/h4i/cc-heritage-tree-foundation/node_modules/react-dom/cjs/react-dom.development.js:21626:16)
            at HTMLUnknownElement.callCallback (/Users/ellahagen/Documents/Projects/h4i/cc-heritage-tree-foundation/node_modules/react-dom/cjs/react-dom.development.js:4164:14)
            at HTMLUnknownElement.callTheUserObjectsOperation (/Users/ellahagen/Documents/Projects/h4i/cc-heritage-tree-foundation/node_modules/jsdom/lib/jsdom/living/generated/EventListener.js:26:30)
            at innerInvokeEventListeners (/Users/ellahagen/Documents/Projects/h4i/cc-heritage-tree-foundation/node_modules/jsdom/lib/jsdom/living/events/EventTarget-impl.js:350:25)
            at invokeEventListeners (/Users/ellahagen/Documents/Projects/h4i/cc-heritage-tree-foundation/node_modules/jsdom/lib/jsdom/living/events/EventTarget-impl.js:286:3)
            at HTMLUnknownElementImpl._dispatch (/Users/ellahagen/Documents/Projects/h4i/cc-heritage-tree-foundation/node_modules/jsdom/lib/jsdom/living/events/EventTarget-impl.js:233:9)
            at HTMLUnknownElementImpl.dispatchEvent (/Users/ellahagen/Documents/Projects/h4i/cc-heritage-tree-foundation/node_modules/jsdom/lib/jsdom/living/events/EventTarget-impl.js:104:17)
            at HTMLUnknownElement.dispatchEvent (/Users/ellahagen/Documents/Projects/h4i/cc-heritage-tree-foundation/node_modules/jsdom/lib/jsdom/living/generated/EventTarget.js:241:34)
            at Object.invokeGuardedCallbackDev (/Users/ellahagen/Documents/Projects/h4i/cc-heritage-tree-foundation/node_modules/react-dom/cjs/react-dom.development.js:4213:16)
            at invokeGuardedCallback (/Users/ellahagen/Documents/Projects/h4i/cc-heritage-tree-foundation/node_modules/react-dom/cjs/react-dom.development.js:4277:31)
            at beginWork$1 (/Users/ellahagen/Documents/Projects/h4i/cc-heritage-tree-foundation/node_modules/react-dom/cjs/react-dom.development.js:27490:7)
            at performUnitOfWork (/Users/ellahagen/Documents/Projects/h4i/cc-heritage-tree-foundation/node_modules/react-dom/cjs/react-dom.development.js:26599:12)
            at workLoopSync (/Users/ellahagen/Documents/Projects/h4i/cc-heritage-tree-foundation/node_modules/react-dom/cjs/react-dom.development.js:26505:5)
            at renderRootSync (/Users/ellahagen/Documents/Projects/h4i/cc-heritage-tree-foundation/node_modules/react-dom/cjs/react-dom.development.js:26473:7)
            at performConcurrentWorkOnRoot (/Users/ellahagen/Documents/Projects/h4i/cc-heritage-tree-foundation/node_modules/react-dom/cjs/react-dom.development.js:25777:74)
            at flushActQueue (/Users/ellahagen/Documents/Projects/h4i/cc-heritage-tree-foundation/node_modules/react/cjs/react.development.js:2667:24)
            at act (/Users/ellahagen/Documents/Projects/h4i/cc-heritage-tree-foundation/node_modules/react/cjs/react.development.js:2582:11)
            at /Users/ellahagen/Documents/Projects/h4i/cc-heritage-tree-foundation/node_modules/@testing-library/react/dist/act-compat.js:47:25
            at renderRoot (/Users/ellahagen/Documents/Projects/h4i/cc-heritage-tree-foundation/node_modules/@testing-library/react/dist/pure.js:188:26)
            at render (/Users/ellahagen/Documents/Projects/h4i/cc-heritage-tree-foundation/node_modules/@testing-library/react/dist/pure.js:287:10)
            at Object.<anonymous> (/Users/ellahagen/Documents/Projects/h4i/cc-heritage-tree-foundation/__tests__/adminPermission.test.tsx:67:11)
            at Promise.then.completed (/Users/ellahagen/Documents/Projects/h4i/cc-heritage-tree-foundation/node_modules/jest-circus/build/utils.js:298:28)
            at new Promise (<anonymous>)
            at callAsyncCircusFn (/Users/ellahagen/Documents/Projects/h4i/cc-heritage-tree-foundation/node_modules/jest-circus/build/utils.js:231:10)
            at _callCircusTest (/Users/ellahagen/Documents/Projects/h4i/cc-heritage-tree-foundation/node_modules/jest-circus/build/run.js:316:40)
            at processTicksAndRejections (node:internal/process/task_queues:105:5)
            at _runTest (/Users/ellahagen/Documents/Projects/h4i/cc-heritage-tree-foundation/node_modules/jest-circus/build/run.js:252:3)
            at _runTestsForDescribeBlock (/Users/ellahagen/Documents/Projects/h4i/cc-heritage-tree-foundation/node_modules/jest-circus/build/run.js:126:9)
            at _runTestsForDescribeBlock (/Users/ellahagen/Documents/Projects/h4i/cc-heritage-tree-foundation/node_modules/jest-circus/build/run.js:121:9)
            at run (/Users/ellahagen/Documents/Projects/h4i/cc-heritage-tree-foundation/node_modules/jest-circus/build/run.js:71:3)
            at runAndTransformResultsToJestFormat (/Users/ellahagen/Documents/Projects/h4i/cc-heritage-tree-foundation/node_modules/jest-circus/build/legacy-code-todo-rewrite/jestAdapterInit.js:122:21)
            at jestAdapter (/Users/ellahagen/Documents/Projects/h4i/cc-heritage-tree-foundation/node_modules/jest-circus/build/legacy-code-todo-rewrite/jestAdapter.js:79:19)
            at runTestInternal (/Users/ellahagen/Documents/Projects/h4i/cc-heritage-tree-foundation/node_modules/jest-runner/build/runTest.js:367:16)
            at runTest (/Users/ellahagen/Documents/Projects/h4i/cc-heritage-tree-foundation/node_modules/jest-runner/build/runTest.js:444:34)
            at Object.worker (/Users/ellahagen/Documents/Projects/h4i/cc-heritage-tree-foundation/node_modules/jest-runner/build/testWorker.js:106:12),
        type: 'unhandled exception'
      }

      65 |     });
      66 |
    > 67 |     render(<Navbar />);
         |           ^
      68 |     expect(screen.getByText("Volunteers")).toBeInTheDocument();
      69 |   });
      70 |

      at VirtualConsole.<anonymous> (node_modules/jest-environment-jsdom/build/index.js:63:23)
      at reportException (node_modules/jsdom/lib/jsdom/living/helpers/runtime-script-errors.js:70:28)
      at innerInvokeEventListeners (node_modules/jsdom/lib/jsdom/living/events/EventTarget-impl.js:353:9)
      at invokeEventListeners (node_modules/jsdom/lib/jsdom/living/events/EventTarget-impl.js:286:3)
      at HTMLUnknownElementImpl._dispatch (node_modules/jsdom/lib/jsdom/living/events/EventTarget-impl.js:233:9)
      at HTMLUnknownElementImpl.dispatchEvent (node_modules/jsdom/lib/jsdom/living/events/EventTarget-impl.js:104:17)
      at HTMLUnknownElement.dispatchEvent (node_modules/jsdom/lib/jsdom/living/generated/EventTarget.js:241:34)
      at Object.invokeGuardedCallbackDev (node_modules/react-dom/cjs/react-dom.development.js:4213:16)
      at invokeGuardedCallback (node_modules/react-dom/cjs/react-dom.development.js:4277:31)
      at beginWork$1 (node_modules/react-dom/cjs/react-dom.development.js:27490:7)
      at performUnitOfWork (node_modules/react-dom/cjs/react-dom.development.js:26599:12)
      at workLoopSync (node_modules/react-dom/cjs/react-dom.development.js:26505:5)
      at renderRootSync (node_modules/react-dom/cjs/react-dom.development.js:26473:7)
      at performConcurrentWorkOnRoot (node_modules/react-dom/cjs/react-dom.development.js:25777:74)
      at flushActQueue (node_modules/react/cjs/react.development.js:2667:24)
      at act (node_modules/react/cjs/react.development.js:2582:11)
      at node_modules/@testing-library/react/dist/act-compat.js:47:25
      at renderRoot (node_modules/@testing-library/react/dist/pure.js:188:26)
      at render (node_modules/@testing-library/react/dist/pure.js:287:10)
      at Object.<anonymous> (__tests__/adminPermission.test.tsx:67:11)

    console.error
      Error: Uncaught [TypeError: (0 , _navigation.usePathname) is not a function]
          at Object.<anonymous> (__tests__/adminPermission.test.tsx:67:11)
          at new Promise (<anonymous>) {
        detail: TypeError: (0 , _navigation.usePathname) is not a function
            at Navbar (/Users/ellahagen/Documents/Projects/h4i/cc-heritage-tree-foundation/src/components/Navbar.tsx:74:31)
            at renderWithHooks (/Users/ellahagen/Documents/Projects/h4i/cc-heritage-tree-foundation/node_modules/react-dom/cjs/react-dom.development.js:15486:18)
            at mountIndeterminateComponent (/Users/ellahagen/Documents/Projects/h4i/cc-heritage-tree-foundation/node_modules/react-dom/cjs/react-dom.development.js:20103:13)
            at beginWork (/Users/ellahagen/Documents/Projects/h4i/cc-heritage-tree-foundation/node_modules/react-dom/cjs/react-dom.development.js:21626:16)
            at HTMLUnknownElement.callCallback (/Users/ellahagen/Documents/Projects/h4i/cc-heritage-tree-foundation/node_modules/react-dom/cjs/react-dom.development.js:4164:14)
            at HTMLUnknownElement.callTheUserObjectsOperation (/Users/ellahagen/Documents/Projects/h4i/cc-heritage-tree-foundation/node_modules/jsdom/lib/jsdom/living/generated/EventListener.js:26:30)
            at innerInvokeEventListeners (/Users/ellahagen/Documents/Projects/h4i/cc-heritage-tree-foundation/node_modules/jsdom/lib/jsdom/living/events/EventTarget-impl.js:350:25)
            at invokeEventListeners (/Users/ellahagen/Documents/Projects/h4i/cc-heritage-tree-foundation/node_modules/jsdom/lib/jsdom/living/events/EventTarget-impl.js:286:3)
            at HTMLUnknownElementImpl._dispatch (/Users/ellahagen/Documents/Projects/h4i/cc-heritage-tree-foundation/node_modules/jsdom/lib/jsdom/living/events/EventTarget-impl.js:233:9)
            at HTMLUnknownElementImpl.dispatchEvent (/Users/ellahagen/Documents/Projects/h4i/cc-heritage-tree-foundation/node_modules/jsdom/lib/jsdom/living/events/EventTarget-impl.js:104:17)
            at HTMLUnknownElement.dispatchEvent (/Users/ellahagen/Documents/Projects/h4i/cc-heritage-tree-foundation/node_modules/jsdom/lib/jsdom/living/generated/EventTarget.js:241:34)
            at Object.invokeGuardedCallbackDev (/Users/ellahagen/Documents/Projects/h4i/cc-heritage-tree-foundation/node_modules/react-dom/cjs/react-dom.development.js:4213:16)
            at invokeGuardedCallback (/Users/ellahagen/Documents/Projects/h4i/cc-heritage-tree-foundation/node_modules/react-dom/cjs/react-dom.development.js:4277:31)
            at beginWork$1 (/Users/ellahagen/Documents/Projects/h4i/cc-heritage-tree-foundation/node_modules/react-dom/cjs/react-dom.development.js:27490:7)
            at performUnitOfWork (/Users/ellahagen/Documents/Projects/h4i/cc-heritage-tree-foundation/node_modules/react-dom/cjs/react-dom.development.js:26599:12)
            at workLoopSync (/Users/ellahagen/Documents/Projects/h4i/cc-heritage-tree-foundation/node_modules/react-dom/cjs/react-dom.development.js:26505:5)
            at renderRootSync (/Users/ellahagen/Documents/Projects/h4i/cc-heritage-tree-foundation/node_modules/react-dom/cjs/react-dom.development.js:26473:7)
            at recoverFromConcurrentError (/Users/ellahagen/Documents/Projects/h4i/cc-heritage-tree-foundation/node_modules/react-dom/cjs/react-dom.development.js:25889:20)
            at performConcurrentWorkOnRoot (/Users/ellahagen/Documents/Projects/h4i/cc-heritage-tree-foundation/node_modules/react-dom/cjs/react-dom.development.js:25789:22)
            at flushActQueue (/Users/ellahagen/Documents/Projects/h4i/cc-heritage-tree-foundation/node_modules/react/cjs/react.development.js:2667:24)
            at act (/Users/ellahagen/Documents/Projects/h4i/cc-heritage-tree-foundation/node_modules/react/cjs/react.development.js:2582:11)
            at /Users/ellahagen/Documents/Projects/h4i/cc-heritage-tree-foundation/node_modules/@testing-library/react/dist/act-compat.js:47:25
            at renderRoot (/Users/ellahagen/Documents/Projects/h4i/cc-heritage-tree-foundation/node_modules/@testing-library/react/dist/pure.js:188:26)
            at render (/Users/ellahagen/Documents/Projects/h4i/cc-heritage-tree-foundation/node_modules/@testing-library/react/dist/pure.js:287:10)
            at Object.<anonymous> (/Users/ellahagen/Documents/Projects/h4i/cc-heritage-tree-foundation/__tests__/adminPermission.test.tsx:67:11)
            at Promise.then.completed (/Users/ellahagen/Documents/Projects/h4i/cc-heritage-tree-foundation/node_modules/jest-circus/build/utils.js:298:28)
            at new Promise (<anonymous>)
            at callAsyncCircusFn (/Users/ellahagen/Documents/Projects/h4i/cc-heritage-tree-foundation/node_modules/jest-circus/build/utils.js:231:10)
            at _callCircusTest (/Users/ellahagen/Documents/Projects/h4i/cc-heritage-tree-foundation/node_modules/jest-circus/build/run.js:316:40)
            at processTicksAndRejections (node:internal/process/task_queues:105:5)
            at _runTest (/Users/ellahagen/Documents/Projects/h4i/cc-heritage-tree-foundation/node_modules/jest-circus/build/run.js:252:3)
            at _runTestsForDescribeBlock (/Users/ellahagen/Documents/Projects/h4i/cc-heritage-tree-foundation/node_modules/jest-circus/build/run.js:126:9)
            at _runTestsForDescribeBlock (/Users/ellahagen/Documents/Projects/h4i/cc-heritage-tree-foundation/node_modules/jest-circus/build/run.js:121:9)
            at run (/Users/ellahagen/Documents/Projects/h4i/cc-heritage-tree-foundation/node_modules/jest-circus/build/run.js:71:3)
            at runAndTransformResultsToJestFormat (/Users/ellahagen/Documents/Projects/h4i/cc-heritage-tree-foundation/node_modules/jest-circus/build/legacy-code-todo-rewrite/jestAdapterInit.js:122:21)
            at jestAdapter (/Users/ellahagen/Documents/Projects/h4i/cc-heritage-tree-foundation/node_modules/jest-circus/build/legacy-code-todo-rewrite/jestAdapter.js:79:19)
            at runTestInternal (/Users/ellahagen/Documents/Projects/h4i/cc-heritage-tree-foundation/node_modules/jest-runner/build/runTest.js:367:16)
            at runTest (/Users/ellahagen/Documents/Projects/h4i/cc-heritage-tree-foundation/node_modules/jest-runner/build/runTest.js:444:34)
            at Object.worker (/Users/ellahagen/Documents/Projects/h4i/cc-heritage-tree-foundation/node_modules/jest-runner/build/testWorker.js:106:12),
        type: 'unhandled exception'
      }

      65 |     });
      66 |
    > 67 |     render(<Navbar />);
         |           ^
      68 |     expect(screen.getByText("Volunteers")).toBeInTheDocument();
      69 |   });
      70 |

      at VirtualConsole.<anonymous> (node_modules/jest-environment-jsdom/build/index.js:63:23)
      at reportException (node_modules/jsdom/lib/jsdom/living/helpers/runtime-script-errors.js:70:28)
      at innerInvokeEventListeners (node_modules/jsdom/lib/jsdom/living/events/EventTarget-impl.js:353:9)
      at invokeEventListeners (node_modules/jsdom/lib/jsdom/living/events/EventTarget-impl.js:286:3)
      at HTMLUnknownElementImpl._dispatch (node_modules/jsdom/lib/jsdom/living/events/EventTarget-impl.js:233:9)
      at HTMLUnknownElementImpl.dispatchEvent (node_modules/jsdom/lib/jsdom/living/events/EventTarget-impl.js:104:17)
      at HTMLUnknownElement.dispatchEvent (node_modules/jsdom/lib/jsdom/living/generated/EventTarget.js:241:34)
      at Object.invokeGuardedCallbackDev (node_modules/react-dom/cjs/react-dom.development.js:4213:16)
      at invokeGuardedCallback (node_modules/react-dom/cjs/react-dom.development.js:4277:31)
      at beginWork$1 (node_modules/react-dom/cjs/react-dom.development.js:27490:7)
      at performUnitOfWork (node_modules/react-dom/cjs/react-dom.development.js:26599:12)
      at workLoopSync (node_modules/react-dom/cjs/react-dom.development.js:26505:5)
      at renderRootSync (node_modules/react-dom/cjs/react-dom.development.js:26473:7)
      at recoverFromConcurrentError (node_modules/react-dom/cjs/react-dom.development.js:25889:20)
      at performConcurrentWorkOnRoot (node_modules/react-dom/cjs/react-dom.development.js:25789:22)
      at flushActQueue (node_modules/react/cjs/react.development.js:2667:24)
      at act (node_modules/react/cjs/react.development.js:2582:11)
      at node_modules/@testing-library/react/dist/act-compat.js:47:25
      at renderRoot (node_modules/@testing-library/react/dist/pure.js:188:26)
      at render (node_modules/@testing-library/react/dist/pure.js:287:10)
      at Object.<anonymous> (__tests__/adminPermission.test.tsx:67:11)

    console.error
      The above error occurred in the <Navbar> component:
      
          at Navbar (/Users/ellahagen/Documents/Projects/h4i/cc-heritage-tree-foundation/src/components/Navbar.tsx:74:31)
      
      Consider adding an error boundary to your tree to customize error handling behavior.
      Visit https://reactjs.org/link/error-boundaries to learn more about error boundaries.

      65 |     });
      66 |
    > 67 |     render(<Navbar />);
         |           ^
      68 |     expect(screen.getByText("Volunteers")).toBeInTheDocument();
      69 |   });
      70 |

      at logCapturedError (node_modules/react-dom/cjs/react-dom.development.js:18704:23)
      at update.callback (node_modules/react-dom/cjs/react-dom.development.js:18737:5)
      at callCallback (node_modules/react-dom/cjs/react-dom.development.js:15036:12)
      at commitUpdateQueue (node_modules/react-dom/cjs/react-dom.development.js:15057:9)
      at commitLayoutEffectOnFiber (node_modules/react-dom/cjs/react-dom.development.js:23430:13)
      at commitLayoutMountEffects_complete (node_modules/react-dom/cjs/react-dom.development.js:24727:9)
      at commitLayoutEffects_begin (node_modules/react-dom/cjs/react-dom.development.js:24713:7)
      at commitLayoutEffects (node_modules/react-dom/cjs/react-dom.development.js:24651:3)
      at commitRootImpl (node_modules/react-dom/cjs/react-dom.development.js:26862:5)
      at commitRoot (node_modules/react-dom/cjs/react-dom.development.js:26721:5)
      at finishConcurrentRender (node_modules/react-dom/cjs/react-dom.development.js:25931:9)
      at performConcurrentWorkOnRoot (node_modules/react-dom/cjs/react-dom.development.js:25848:7)
      at flushActQueue (node_modules/react/cjs/react.development.js:2667:24)
      at act (node_modules/react/cjs/react.development.js:2582:11)
      at node_modules/@testing-library/react/dist/act-compat.js:47:25
      at renderRoot (node_modules/@testing-library/react/dist/pure.js:188:26)
      at render (node_modules/@testing-library/react/dist/pure.js:287:10)
      at Object.<anonymous> (__tests__/adminPermission.test.tsx:67:11)

    console.error
      Error: Uncaught [TypeError: (0 , _navigation.usePathname) is not a function]
          at Object.<anonymous> (__tests__/adminPermission.test.tsx:79:11)
          at new Promise (<anonymous>) {
        detail: TypeError: (0 , _navigation.usePathname) is not a function
            at Navbar (/Users/ellahagen/Documents/Projects/h4i/cc-heritage-tree-foundation/src/components/Navbar.tsx:74:31)
            at renderWithHooks (/Users/ellahagen/Documents/Projects/h4i/cc-heritage-tree-foundation/node_modules/react-dom/cjs/react-dom.development.js:15486:18)
            at mountIndeterminateComponent (/Users/ellahagen/Documents/Projects/h4i/cc-heritage-tree-foundation/node_modules/react-dom/cjs/react-dom.development.js:20103:13)
            at beginWork (/Users/ellahagen/Documents/Projects/h4i/cc-heritage-tree-foundation/node_modules/react-dom/cjs/react-dom.development.js:21626:16)
            at HTMLUnknownElement.callCallback (/Users/ellahagen/Documents/Projects/h4i/cc-heritage-tree-foundation/node_modules/react-dom/cjs/react-dom.development.js:4164:14)
            at HTMLUnknownElement.callTheUserObjectsOperation (/Users/ellahagen/Documents/Projects/h4i/cc-heritage-tree-foundation/node_modules/jsdom/lib/jsdom/living/generated/EventListener.js:26:30)
            at innerInvokeEventListeners (/Users/ellahagen/Documents/Projects/h4i/cc-heritage-tree-foundation/node_modules/jsdom/lib/jsdom/living/events/EventTarget-impl.js:350:25)
            at invokeEventListeners (/Users/ellahagen/Documents/Projects/h4i/cc-heritage-tree-foundation/node_modules/jsdom/lib/jsdom/living/events/EventTarget-impl.js:286:3)
            at HTMLUnknownElementImpl._dispatch (/Users/ellahagen/Documents/Projects/h4i/cc-heritage-tree-foundation/node_modules/jsdom/lib/jsdom/living/events/EventTarget-impl.js:233:9)
            at HTMLUnknownElementImpl.dispatchEvent (/Users/ellahagen/Documents/Projects/h4i/cc-heritage-tree-foundation/node_modules/jsdom/lib/jsdom/living/events/EventTarget-impl.js:104:17)
            at HTMLUnknownElement.dispatchEvent (/Users/ellahagen/Documents/Projects/h4i/cc-heritage-tree-foundation/node_modules/jsdom/lib/jsdom/living/generated/EventTarget.js:241:34)
            at Object.invokeGuardedCallbackDev (/Users/ellahagen/Documents/Projects/h4i/cc-heritage-tree-foundation/node_modules/react-dom/cjs/react-dom.development.js:4213:16)
            at invokeGuardedCallback (/Users/ellahagen/Documents/Projects/h4i/cc-heritage-tree-foundation/node_modules/react-dom/cjs/react-dom.development.js:4277:31)
            at beginWork$1 (/Users/ellahagen/Documents/Projects/h4i/cc-heritage-tree-foundation/node_modules/react-dom/cjs/react-dom.development.js:27490:7)
            at performUnitOfWork (/Users/ellahagen/Documents/Projects/h4i/cc-heritage-tree-foundation/node_modules/react-dom/cjs/react-dom.development.js:26599:12)
            at workLoopSync (/Users/ellahagen/Documents/Projects/h4i/cc-heritage-tree-foundation/node_modules/react-dom/cjs/react-dom.development.js:26505:5)
            at renderRootSync (/Users/ellahagen/Documents/Projects/h4i/cc-heritage-tree-foundation/node_modules/react-dom/cjs/react-dom.development.js:26473:7)
            at performConcurrentWorkOnRoot (/Users/ellahagen/Documents/Projects/h4i/cc-heritage-tree-foundation/node_modules/react-dom/cjs/react-dom.development.js:25777:74)
            at flushActQueue (/Users/ellahagen/Documents/Projects/h4i/cc-heritage-tree-foundation/node_modules/react/cjs/react.development.js:2667:24)
            at act (/Users/ellahagen/Documents/Projects/h4i/cc-heritage-tree-foundation/node_modules/react/cjs/react.development.js:2582:11)
            at /Users/ellahagen/Documents/Projects/h4i/cc-heritage-tree-foundation/node_modules/@testing-library/react/dist/act-compat.js:47:25
            at renderRoot (/Users/ellahagen/Documents/Projects/h4i/cc-heritage-tree-foundation/node_modules/@testing-library/react/dist/pure.js:188:26)
            at render (/Users/ellahagen/Documents/Projects/h4i/cc-heritage-tree-foundation/node_modules/@testing-library/react/dist/pure.js:287:10)
            at Object.<anonymous> (/Users/ellahagen/Documents/Projects/h4i/cc-heritage-tree-foundation/__tests__/adminPermission.test.tsx:79:11)
            at Promise.then.completed (/Users/ellahagen/Documents/Projects/h4i/cc-heritage-tree-foundation/node_modules/jest-circus/build/utils.js:298:28)
            at new Promise (<anonymous>)
            at callAsyncCircusFn (/Users/ellahagen/Documents/Projects/h4i/cc-heritage-tree-foundation/node_modules/jest-circus/build/utils.js:231:10)
            at _callCircusTest (/Users/ellahagen/Documents/Projects/h4i/cc-heritage-tree-foundation/node_modules/jest-circus/build/run.js:316:40)
            at processTicksAndRejections (node:internal/process/task_queues:105:5)
            at _runTest (/Users/ellahagen/Documents/Projects/h4i/cc-heritage-tree-foundation/node_modules/jest-circus/build/run.js:252:3)
            at _runTestsForDescribeBlock (/Users/ellahagen/Documents/Projects/h4i/cc-heritage-tree-foundation/node_modules/jest-circus/build/run.js:126:9)
            at _runTestsForDescribeBlock (/Users/ellahagen/Documents/Projects/h4i/cc-heritage-tree-foundation/node_modules/jest-circus/build/run.js:121:9)
            at run (/Users/ellahagen/Documents/Projects/h4i/cc-heritage-tree-foundation/node_modules/jest-circus/build/run.js:71:3)
            at runAndTransformResultsToJestFormat (/Users/ellahagen/Documents/Projects/h4i/cc-heritage-tree-foundation/node_modules/jest-circus/build/legacy-code-todo-rewrite/jestAdapterInit.js:122:21)
            at jestAdapter (/Users/ellahagen/Documents/Projects/h4i/cc-heritage-tree-foundation/node_modules/jest-circus/build/legacy-code-todo-rewrite/jestAdapter.js:79:19)
            at runTestInternal (/Users/ellahagen/Documents/Projects/h4i/cc-heritage-tree-foundation/node_modules/jest-runner/build/runTest.js:367:16)
            at runTest (/Users/ellahagen/Documents/Projects/h4i/cc-heritage-tree-foundation/node_modules/jest-runner/build/runTest.js:444:34)
            at Object.worker (/Users/ellahagen/Documents/Projects/h4i/cc-heritage-tree-foundation/node_modules/jest-runner/build/testWorker.js:106:12),
        type: 'unhandled exception'
      }

      77 |     });
      78 |
    > 79 |     render(<Navbar />);
         |           ^
      80 |     expect(screen.queryByText("Volunteers")).not.toBeInTheDocument();
      81 |   });
      82 | });

      at VirtualConsole.<anonymous> (node_modules/jest-environment-jsdom/build/index.js:63:23)
      at reportException (node_modules/jsdom/lib/jsdom/living/helpers/runtime-script-errors.js:70:28)
      at innerInvokeEventListeners (node_modules/jsdom/lib/jsdom/living/events/EventTarget-impl.js:353:9)
      at invokeEventListeners (node_modules/jsdom/lib/jsdom/living/events/EventTarget-impl.js:286:3)
      at HTMLUnknownElementImpl._dispatch (node_modules/jsdom/lib/jsdom/living/events/EventTarget-impl.js:233:9)
      at HTMLUnknownElementImpl.dispatchEvent (node_modules/jsdom/lib/jsdom/living/events/EventTarget-impl.js:104:17)
      at HTMLUnknownElement.dispatchEvent (node_modules/jsdom/lib/jsdom/living/generated/EventTarget.js:241:34)
      at Object.invokeGuardedCallbackDev (node_modules/react-dom/cjs/react-dom.development.js:4213:16)
      at invokeGuardedCallback (node_modules/react-dom/cjs/react-dom.development.js:4277:31)
      at beginWork$1 (node_modules/react-dom/cjs/react-dom.development.js:27490:7)
      at performUnitOfWork (node_modules/react-dom/cjs/react-dom.development.js:26599:12)
      at workLoopSync (node_modules/react-dom/cjs/react-dom.development.js:26505:5)
      at renderRootSync (node_modules/react-dom/cjs/react-dom.development.js:26473:7)
      at performConcurrentWorkOnRoot (node_modules/react-dom/cjs/react-dom.development.js:25777:74)
      at flushActQueue (node_modules/react/cjs/react.development.js:2667:24)
      at act (node_modules/react/cjs/react.development.js:2582:11)
      at node_modules/@testing-library/react/dist/act-compat.js:47:25
      at renderRoot (node_modules/@testing-library/react/dist/pure.js:188:26)
      at render (node_modules/@testing-library/react/dist/pure.js:287:10)
      at Object.<anonymous> (__tests__/adminPermission.test.tsx:79:11)

    console.error
      Error: Uncaught [TypeError: (0 , _navigation.usePathname) is not a function]
          at Object.<anonymous> (__tests__/adminPermission.test.tsx:79:11)
          at new Promise (<anonymous>) {
        detail: TypeError: (0 , _navigation.usePathname) is not a function
            at Navbar (/Users/ellahagen/Documents/Projects/h4i/cc-heritage-tree-foundation/src/components/Navbar.tsx:74:31)
            at renderWithHooks (/Users/ellahagen/Documents/Projects/h4i/cc-heritage-tree-foundation/node_modules/react-dom/cjs/react-dom.development.js:15486:18)
            at mountIndeterminateComponent (/Users/ellahagen/Documents/Projects/h4i/cc-heritage-tree-foundation/node_modules/react-dom/cjs/react-dom.development.js:20103:13)
            at beginWork (/Users/ellahagen/Documents/Projects/h4i/cc-heritage-tree-foundation/node_modules/react-dom/cjs/react-dom.development.js:21626:16)
            at HTMLUnknownElement.callCallback (/Users/ellahagen/Documents/Projects/h4i/cc-heritage-tree-foundation/node_modules/react-dom/cjs/react-dom.development.js:4164:14)
            at HTMLUnknownElement.callTheUserObjectsOperation (/Users/ellahagen/Documents/Projects/h4i/cc-heritage-tree-foundation/node_modules/jsdom/lib/jsdom/living/generated/EventListener.js:26:30)
            at innerInvokeEventListeners (/Users/ellahagen/Documents/Projects/h4i/cc-heritage-tree-foundation/node_modules/jsdom/lib/jsdom/living/events/EventTarget-impl.js:350:25)
            at invokeEventListeners (/Users/ellahagen/Documents/Projects/h4i/cc-heritage-tree-foundation/node_modules/jsdom/lib/jsdom/living/events/EventTarget-impl.js:286:3)
            at HTMLUnknownElementImpl._dispatch (/Users/ellahagen/Documents/Projects/h4i/cc-heritage-tree-foundation/node_modules/jsdom/lib/jsdom/living/events/EventTarget-impl.js:233:9)
            at HTMLUnknownElementImpl.dispatchEvent (/Users/ellahagen/Documents/Projects/h4i/cc-heritage-tree-foundation/node_modules/jsdom/lib/jsdom/living/events/EventTarget-impl.js:104:17)
            at HTMLUnknownElement.dispatchEvent (/Users/ellahagen/Documents/Projects/h4i/cc-heritage-tree-foundation/node_modules/jsdom/lib/jsdom/living/generated/EventTarget.js:241:34)
            at Object.invokeGuardedCallbackDev (/Users/ellahagen/Documents/Projects/h4i/cc-heritage-tree-foundation/node_modules/react-dom/cjs/react-dom.development.js:4213:16)
            at invokeGuardedCallback (/Users/ellahagen/Documents/Projects/h4i/cc-heritage-tree-foundation/node_modules/react-dom/cjs/react-dom.development.js:4277:31)
            at beginWork$1 (/Users/ellahagen/Documents/Projects/h4i/cc-heritage-tree-foundation/node_modules/react-dom/cjs/react-dom.development.js:27490:7)
            at performUnitOfWork (/Users/ellahagen/Documents/Projects/h4i/cc-heritage-tree-foundation/node_modules/react-dom/cjs/react-dom.development.js:26599:12)
            at workLoopSync (/Users/ellahagen/Documents/Projects/h4i/cc-heritage-tree-foundation/node_modules/react-dom/cjs/react-dom.development.js:26505:5)
            at renderRootSync (/Users/ellahagen/Documents/Projects/h4i/cc-heritage-tree-foundation/node_modules/react-dom/cjs/react-dom.development.js:26473:7)
            at recoverFromConcurrentError (/Users/ellahagen/Documents/Projects/h4i/cc-heritage-tree-foundation/node_modules/react-dom/cjs/react-dom.development.js:25889:20)
            at performConcurrentWorkOnRoot (/Users/ellahagen/Documents/Projects/h4i/cc-heritage-tree-foundation/node_modules/react-dom/cjs/react-dom.development.js:25789:22)
            at flushActQueue (/Users/ellahagen/Documents/Projects/h4i/cc-heritage-tree-foundation/node_modules/react/cjs/react.development.js:2667:24)
            at act (/Users/ellahagen/Documents/Projects/h4i/cc-heritage-tree-foundation/node_modules/react/cjs/react.development.js:2582:11)
            at /Users/ellahagen/Documents/Projects/h4i/cc-heritage-tree-foundation/node_modules/@testing-library/react/dist/act-compat.js:47:25
            at renderRoot (/Users/ellahagen/Documents/Projects/h4i/cc-heritage-tree-foundation/node_modules/@testing-library/react/dist/pure.js:188:26)
            at render (/Users/ellahagen/Documents/Projects/h4i/cc-heritage-tree-foundation/node_modules/@testing-library/react/dist/pure.js:287:10)
            at Object.<anonymous> (/Users/ellahagen/Documents/Projects/h4i/cc-heritage-tree-foundation/__tests__/adminPermission.test.tsx:79:11)
            at Promise.then.completed (/Users/ellahagen/Documents/Projects/h4i/cc-heritage-tree-foundation/node_modules/jest-circus/build/utils.js:298:28)
            at new Promise (<anonymous>)
            at callAsyncCircusFn (/Users/ellahagen/Documents/Projects/h4i/cc-heritage-tree-foundation/node_modules/jest-circus/build/utils.js:231:10)
            at _callCircusTest (/Users/ellahagen/Documents/Projects/h4i/cc-heritage-tree-foundation/node_modules/jest-circus/build/run.js:316:40)
            at processTicksAndRejections (node:internal/process/task_queues:105:5)
            at _runTest (/Users/ellahagen/Documents/Projects/h4i/cc-heritage-tree-foundation/node_modules/jest-circus/build/run.js:252:3)
            at _runTestsForDescribeBlock (/Users/ellahagen/Documents/Projects/h4i/cc-heritage-tree-foundation/node_modules/jest-circus/build/run.js:126:9)
            at _runTestsForDescribeBlock (/Users/ellahagen/Documents/Projects/h4i/cc-heritage-tree-foundation/node_modules/jest-circus/build/run.js:121:9)
            at run (/Users/ellahagen/Documents/Projects/h4i/cc-heritage-tree-foundation/node_modules/jest-circus/build/run.js:71:3)
            at runAndTransformResultsToJestFormat (/Users/ellahagen/Documents/Projects/h4i/cc-heritage-tree-foundation/node_modules/jest-circus/build/legacy-code-todo-rewrite/jestAdapterInit.js:122:21)
            at jestAdapter (/Users/ellahagen/Documents/Projects/h4i/cc-heritage-tree-foundation/node_modules/jest-circus/build/legacy-code-todo-rewrite/jestAdapter.js:79:19)
            at runTestInternal (/Users/ellahagen/Documents/Projects/h4i/cc-heritage-tree-foundation/node_modules/jest-runner/build/runTest.js:367:16)
            at runTest (/Users/ellahagen/Documents/Projects/h4i/cc-heritage-tree-foundation/node_modules/jest-runner/build/runTest.js:444:34)
            at Object.worker (/Users/ellahagen/Documents/Projects/h4i/cc-heritage-tree-foundation/node_modules/jest-runner/build/testWorker.js:106:12),
        type: 'unhandled exception'
      }

      77 |     });
      78 |
    > 79 |     render(<Navbar />);
         |           ^
      80 |     expect(screen.queryByText("Volunteers")).not.toBeInTheDocument();
      81 |   });
      82 | });

      at VirtualConsole.<anonymous> (node_modules/jest-environment-jsdom/build/index.js:63:23)
      at reportException (node_modules/jsdom/lib/jsdom/living/helpers/runtime-script-errors.js:70:28)
      at innerInvokeEventListeners (node_modules/jsdom/lib/jsdom/living/events/EventTarget-impl.js:353:9)
      at invokeEventListeners (node_modules/jsdom/lib/jsdom/living/events/EventTarget-impl.js:286:3)
      at HTMLUnknownElementImpl._dispatch (node_modules/jsdom/lib/jsdom/living/events/EventTarget-impl.js:233:9)
      at HTMLUnknownElementImpl.dispatchEvent (node_modules/jsdom/lib/jsdom/living/events/EventTarget-impl.js:104:17)
      at HTMLUnknownElement.dispatchEvent (node_modules/jsdom/lib/jsdom/living/generated/EventTarget.js:241:34)
      at Object.invokeGuardedCallbackDev (node_modules/react-dom/cjs/react-dom.development.js:4213:16)
      at invokeGuardedCallback (node_modules/react-dom/cjs/react-dom.development.js:4277:31)
      at beginWork$1 (node_modules/react-dom/cjs/react-dom.development.js:27490:7)
      at performUnitOfWork (node_modules/react-dom/cjs/react-dom.development.js:26599:12)
      at workLoopSync (node_modules/react-dom/cjs/react-dom.development.js:26505:5)
      at renderRootSync (node_modules/react-dom/cjs/react-dom.development.js:26473:7)
      at recoverFromConcurrentError (node_modules/react-dom/cjs/react-dom.development.js:25889:20)
      at performConcurrentWorkOnRoot (node_modules/react-dom/cjs/react-dom.development.js:25789:22)
      at flushActQueue (node_modules/react/cjs/react.development.js:2667:24)
      at act (node_modules/react/cjs/react.development.js:2582:11)
      at node_modules/@testing-library/react/dist/act-compat.js:47:25
      at renderRoot (node_modules/@testing-library/react/dist/pure.js:188:26)
      at render (node_modules/@testing-library/react/dist/pure.js:287:10)
      at Object.<anonymous> (__tests__/adminPermission.test.tsx:79:11)

    console.error
      The above error occurred in the <Navbar> component:
      
          at Navbar (/Users/ellahagen/Documents/Projects/h4i/cc-heritage-tree-foundation/src/components/Navbar.tsx:74:31)
      
      Consider adding an error boundary to your tree to customize error handling behavior.
      Visit https://reactjs.org/link/error-boundaries to learn more about error boundaries.

      77 |     });
      78 |
    > 79 |     render(<Navbar />);
         |           ^
      80 |     expect(screen.queryByText("Volunteers")).not.toBeInTheDocument();
      81 |   });
      82 | });

      at logCapturedError (node_modules/react-dom/cjs/react-dom.development.js:18704:23)
      at update.callback (node_modules/react-dom/cjs/react-dom.development.js:18737:5)
      at callCallback (node_modules/react-dom/cjs/react-dom.development.js:15036:12)
      at commitUpdateQueue (node_modules/react-dom/cjs/react-dom.development.js:15057:9)
      at commitLayoutEffectOnFiber (node_modules/react-dom/cjs/react-dom.development.js:23430:13)
      at commitLayoutMountEffects_complete (node_modules/react-dom/cjs/react-dom.development.js:24727:9)
      at commitLayoutEffects_begin (node_modules/react-dom/cjs/react-dom.development.js:24713:7)
      at commitLayoutEffects (node_modules/react-dom/cjs/react-dom.development.js:24651:3)
      at commitRootImpl (node_modules/react-dom/cjs/react-dom.development.js:26862:5)
      at commitRoot (node_modules/react-dom/cjs/react-dom.development.js:26721:5)
      at finishConcurrentRender (node_modules/react-dom/cjs/react-dom.development.js:25931:9)
      at performConcurrentWorkOnRoot (node_modules/react-dom/cjs/react-dom.development.js:25848:7)
      at flushActQueue (node_modules/react/cjs/react.development.js:2667:24)
      at act (node_modules/react/cjs/react.development.js:2582:11)
      at node_modules/@testing-library/react/dist/act-compat.js:47:25
      at renderRoot (node_modules/@testing-library/react/dist/pure.js:188:26)
      at render (node_modules/@testing-library/react/dist/pure.js:287:10)
      at Object.<anonymous> (__tests__/adminPermission.test.tsx:79:11)

  ● Messages Page › shows 'New Message +' button for admin users

    TypeError: (0 , _navigation.useSearchParams) is not a function

      58 |   });
      59 |   const router = useRouter();
    > 60 |   const searchParams = useSearchParams();
         |                                       ^
      61 |   const message_id = searchParams.get('id');
      62 |   const [messages, setMessages] = useState<any[]>([]);
      63 |   const [filteredMessages, setFilteredMessages] = useState<any[]>([]);

      at Messages (src/app/messages/page.tsx:60:39)
      at renderWithHooks (node_modules/react-dom/cjs/react-dom.development.js:15486:18)
      at mountIndeterminateComponent (node_modules/react-dom/cjs/react-dom.development.js:20103:13)
      at beginWork (node_modules/react-dom/cjs/react-dom.development.js:21626:16)
      at beginWork$1 (node_modules/react-dom/cjs/react-dom.development.js:27465:14)
      at performUnitOfWork (node_modules/react-dom/cjs/react-dom.development.js:26599:12)
      at workLoopSync (node_modules/react-dom/cjs/react-dom.development.js:26505:5)
      at renderRootSync (node_modules/react-dom/cjs/react-dom.development.js:26473:7)
      at recoverFromConcurrentError (node_modules/react-dom/cjs/react-dom.development.js:25889:20)
      at performConcurrentWorkOnRoot (node_modules/react-dom/cjs/react-dom.development.js:25789:22)
      at flushActQueue (node_modules/react/cjs/react.development.js:2667:24)
      at act (node_modules/react/cjs/react.development.js:2582:11)
      at node_modules/@testing-library/react/dist/act-compat.js:47:25
      at renderRoot (node_modules/@testing-library/react/dist/pure.js:188:26)
      at render (node_modules/@testing-library/react/dist/pure.js:287:10)
      at Object.<anonymous> (__tests__/adminPermission.test.tsx:41:11)

  ● Messages Page › does NOT show 'New Message +' button for volunteers

    TypeError: (0 , _navigation.useSearchParams) is not a function

      58 |   });
      59 |   const router = useRouter();
    > 60 |   const searchParams = useSearchParams();
         |                                       ^
      61 |   const message_id = searchParams.get('id');
      62 |   const [messages, setMessages] = useState<any[]>([]);
      63 |   const [filteredMessages, setFilteredMessages] = useState<any[]>([]);

      at Messages (src/app/messages/page.tsx:60:39)
      at renderWithHooks (node_modules/react-dom/cjs/react-dom.development.js:15486:18)
      at mountIndeterminateComponent (node_modules/react-dom/cjs/react-dom.development.js:20103:13)
      at beginWork (node_modules/react-dom/cjs/react-dom.development.js:21626:16)
      at beginWork$1 (node_modules/react-dom/cjs/react-dom.development.js:27465:14)
      at performUnitOfWork (node_modules/react-dom/cjs/react-dom.development.js:26599:12)
      at workLoopSync (node_modules/react-dom/cjs/react-dom.development.js:26505:5)
      at renderRootSync (node_modules/react-dom/cjs/react-dom.development.js:26473:7)
      at recoverFromConcurrentError (node_modules/react-dom/cjs/react-dom.development.js:25889:20)
      at performConcurrentWorkOnRoot (node_modules/react-dom/cjs/react-dom.development.js:25789:22)
      at flushActQueue (node_modules/react/cjs/react.development.js:2667:24)
      at act (node_modules/react/cjs/react.development.js:2582:11)
      at node_modules/@testing-library/react/dist/act-compat.js:47:25
      at renderRoot (node_modules/@testing-library/react/dist/pure.js:188:26)
      at render (node_modules/@testing-library/react/dist/pure.js:287:10)
      at Object.<anonymous> (__tests__/adminPermission.test.tsx:53:11)

  ● Navbar Role Filtering › shows 'Volunteers' path for admin users

    TypeError: (0 , _navigation.usePathname) is not a function

      72 | export default function Navbar() {
      73 |   const router = useRouter();
    > 74 |   const pathname = usePathname(); // Get current path
         |                               ^
      75 |   const { user, isLoaded } = useUser();
      76 |   const { isOpen, onOpen, onClose } = useDisclosure();
      77 |   const [hasMounted, setHasMounted] = useState(false);

      at Navbar (src/components/Navbar.tsx:74:31)
      at renderWithHooks (node_modules/react-dom/cjs/react-dom.development.js:15486:18)
      at mountIndeterminateComponent (node_modules/react-dom/cjs/react-dom.development.js:20103:13)
      at beginWork (node_modules/react-dom/cjs/react-dom.development.js:21626:16)
      at beginWork$1 (node_modules/react-dom/cjs/react-dom.development.js:27465:14)
      at performUnitOfWork (node_modules/react-dom/cjs/react-dom.development.js:26599:12)
      at workLoopSync (node_modules/react-dom/cjs/react-dom.development.js:26505:5)
      at renderRootSync (node_modules/react-dom/cjs/react-dom.development.js:26473:7)
      at recoverFromConcurrentError (node_modules/react-dom/cjs/react-dom.development.js:25889:20)
      at performConcurrentWorkOnRoot (node_modules/react-dom/cjs/react-dom.development.js:25789:22)
      at flushActQueue (node_modules/react/cjs/react.development.js:2667:24)
      at act (node_modules/react/cjs/react.development.js:2582:11)
      at node_modules/@testing-library/react/dist/act-compat.js:47:25
      at renderRoot (node_modules/@testing-library/react/dist/pure.js:188:26)
      at render (node_modules/@testing-library/react/dist/pure.js:287:10)
      at Object.<anonymous> (__tests__/adminPermission.test.tsx:67:11)

  ● Navbar Role Filtering › hides 'Volunteers' path for non-admin users

    TypeError: (0 , _navigation.usePathname) is not a function

      72 | export default function Navbar() {
      73 |   const router = useRouter();
    > 74 |   const pathname = usePathname(); // Get current path
         |                               ^
      75 |   const { user, isLoaded } = useUser();
      76 |   const { isOpen, onOpen, onClose } = useDisclosure();
      77 |   const [hasMounted, setHasMounted] = useState(false);

      at Navbar (src/components/Navbar.tsx:74:31)
      at renderWithHooks (node_modules/react-dom/cjs/react-dom.development.js:15486:18)
      at mountIndeterminateComponent (node_modules/react-dom/cjs/react-dom.development.js:20103:13)
      at beginWork (node_modules/react-dom/cjs/react-dom.development.js:21626:16)
      at beginWork$1 (node_modules/react-dom/cjs/react-dom.development.js:27465:14)
      at performUnitOfWork (node_modules/react-dom/cjs/react-dom.development.js:26599:12)
      at workLoopSync (node_modules/react-dom/cjs/react-dom.development.js:26505:5)
      at renderRootSync (node_modules/react-dom/cjs/react-dom.development.js:26473:7)
      at recoverFromConcurrentError (node_modules/react-dom/cjs/react-dom.development.js:25889:20)
      at performConcurrentWorkOnRoot (node_modules/react-dom/cjs/react-dom.development.js:25789:22)
      at flushActQueue (node_modules/react/cjs/react.development.js:2667:24)
      at act (node_modules/react/cjs/react.development.js:2582:11)
      at node_modules/@testing-library/react/dist/act-compat.js:47:25
      at renderRoot (node_modules/@testing-library/react/dist/pure.js:188:26)
      at render (node_modules/@testing-library/react/dist/pure.js:287:10)
      at Object.<anonymous> (__tests__/adminPermission.test.tsx:79:11)

PASS __tests__/adminDashboard.test.tsx
  ● Console

    console.error
      Warning: Each child in a list should have a unique "key" prop.
      
      Check the render method of `AdminDashboard`. See https://reactjs.org/link/warning-keys for more information.
          at /Users/ellahagen/Documents/Projects/h4i/cc-heritage-tree-foundation/node_modules/@chakra-ui/react/dist/cjs/table/tr.cjs:10:24
          at AdminDashboard (/Users/ellahagen/Documents/Projects/h4i/cc-heritage-tree-foundation/src/app/adminDashboard/page.tsx:91:43)

      215 |                           </Tr>
      216 |                         </Thead>
    > 217 |                         <Tbody>
          |                         ^
      218 |                           {worst3Trees.map((tree) =>
      219 |                             tree ? (
      220 |                               <Tr key={tree._id}>

      at printWarning (node_modules/react/cjs/react-jsx-runtime.development.js:87:30)
      at error (node_modules/react/cjs/react-jsx-runtime.development.js:61:7)
      at validateExplicitKey (node_modules/react/cjs/react-jsx-runtime.development.js:1078:5)
      at validateChildKeys (node_modules/react/cjs/react-jsx-runtime.development.js:1105:11)
      at jsxWithValidation (node_modules/react/cjs/react-jsx-runtime.development.js:1277:11)
      at jsxWithValidationDynamic (node_modules/react/cjs/react-jsx-runtime.development.js:1320:12)
      at AdminDashboard (src/app/adminDashboard/page.tsx:217:25)
      at renderWithHooks (node_modules/react-dom/cjs/react-dom.development.js:15486:18)
      at updateFunctionComponent (node_modules/react-dom/cjs/react-dom.development.js:19617:20)
      at beginWork (node_modules/react-dom/cjs/react-dom.development.js:21640:16)
      at beginWork$1 (node_modules/react-dom/cjs/react-dom.development.js:27465:14)
      at performUnitOfWork (node_modules/react-dom/cjs/react-dom.development.js:26599:12)
      at workLoopSync (node_modules/react-dom/cjs/react-dom.development.js:26505:5)
      at renderRootSync (node_modules/react-dom/cjs/react-dom.development.js:26473:7)
      at performConcurrentWorkOnRoot (node_modules/react-dom/cjs/react-dom.development.js:25777:74)
      at workLoop (node_modules/scheduler/cjs/scheduler.development.js:266:34)
      at flushWork (node_modules/scheduler/cjs/scheduler.development.js:239:14)
      at performWorkUntilDeadline (node_modules/scheduler/cjs/scheduler.development.js:533:21)
      at Timeout.task [as _onTimeout] (node_modules/jsdom/lib/jsdom/browser/Window.js:520:19)

PASS __tests__/editUserProfile.test.tsx
  ● Console

    console.error
      [Error: AggregateError] { type: 'XMLHttpRequest' }

      at VirtualConsole.<anonymous> (node_modules/jest-environment-jsdom/build/index.js:63:23)
      at Object.dispatchError (node_modules/jsdom/lib/jsdom/living/xhr/xhr-utils.js:66:53)
      at Request.<anonymous> (node_modules/jsdom/lib/jsdom/living/xhr/XMLHttpRequest-impl.js:655:18)
      at ClientRequest.<anonymous> (node_modules/jsdom/lib/jsdom/living/helpers/http-request.js:121:14)

    console.error
      [Error: AggregateError] { type: 'XMLHttpRequest' }

      at VirtualConsole.<anonymous> (node_modules/jest-environment-jsdom/build/index.js:63:23)
      at Object.dispatchError (node_modules/jsdom/lib/jsdom/living/xhr/xhr-utils.js:66:53)
      at Request.<anonymous> (node_modules/jsdom/lib/jsdom/living/xhr/XMLHttpRequest-impl.js:655:18)
      at ClientRequest.<anonymous> (node_modules/jsdom/lib/jsdom/living/helpers/http-request.js:121:14)

    console.error
      [Error: AggregateError] { type: 'XMLHttpRequest' }

      at VirtualConsole.<anonymous> (node_modules/jest-environment-jsdom/build/index.js:63:23)
      at Object.dispatchError (node_modules/jsdom/lib/jsdom/living/xhr/xhr-utils.js:66:53)
      at Request.<anonymous> (node_modules/jsdom/lib/jsdom/living/xhr/XMLHttpRequest-impl.js:655:18)
      at ClientRequest.<anonymous> (node_modules/jsdom/lib/jsdom/living/helpers/http-request.js:121:14)

    console.error
      [Error: AggregateError] { type: 'XMLHttpRequest' }

      at VirtualConsole.<anonymous> (node_modules/jest-environment-jsdom/build/index.js:63:23)
      at Object.dispatchError (node_modules/jsdom/lib/jsdom/living/xhr/xhr-utils.js:66:53)
      at Request.<anonymous> (node_modules/jsdom/lib/jsdom/living/xhr/XMLHttpRequest-impl.js:655:18)
      at ClientRequest.<anonymous> (node_modules/jsdom/lib/jsdom/living/helpers/http-request.js:121:14)

    console.error
      [Error: AggregateError] { type: 'XMLHttpRequest' }

      at VirtualConsole.<anonymous> (node_modules/jest-environment-jsdom/build/index.js:63:23)
      at Object.dispatchError (node_modules/jsdom/lib/jsdom/living/xhr/xhr-utils.js:66:53)
      at Request.<anonymous> (node_modules/jsdom/lib/jsdom/living/xhr/XMLHttpRequest-impl.js:655:18)
      at ClientRequest.<anonymous> (node_modules/jsdom/lib/jsdom/living/helpers/http-request.js:121:14)

    console.error
      [Error: AggregateError] { type: 'XMLHttpRequest' }

      at VirtualConsole.<anonymous> (node_modules/jest-environment-jsdom/build/index.js:63:23)
      at Object.dispatchError (node_modules/jsdom/lib/jsdom/living/xhr/xhr-utils.js:66:53)
      at Request.<anonymous> (node_modules/jsdom/lib/jsdom/living/xhr/XMLHttpRequest-impl.js:655:18)
      at ClientRequest.<anonymous> (node_modules/jsdom/lib/jsdom/living/helpers/http-request.js:121:14)

    console.error
      Failed to fetch user data: TypeError: Network request failed
          at /Users/ellahagen/Documents/Projects/h4i/cc-heritage-tree-foundation/node_modules/whatwg-fetch/dist/fetch.umd.js:567:18
          at Timeout.task [as _onTimeout] (/Users/ellahagen/Documents/Projects/h4i/cc-heritage-tree-foundation/node_modules/jsdom/lib/jsdom/browser/Window.js:520:19)
          at listOnTimeout (node:internal/timers:614:17)
          at processTimers (node:internal/timers:549:7)

      70 |         });
      71 |       } catch (error) {
    > 72 |         console.error("Failed to fetch user data:", error);
         |                 ^
      73 |       } finally {
      74 |         setLoading(false);
      75 |       }

      at error (src/app/editUserProfile/page.tsx:72:17)

    console.error
      Failed to fetch user data: TypeError: Network request failed
          at /Users/ellahagen/Documents/Projects/h4i/cc-heritage-tree-foundation/node_modules/whatwg-fetch/dist/fetch.umd.js:567:18
          at Timeout.task [as _onTimeout] (/Users/ellahagen/Documents/Projects/h4i/cc-heritage-tree-foundation/node_modules/jsdom/lib/jsdom/browser/Window.js:520:19)
          at listOnTimeout (node:internal/timers:614:17)
          at processTimers (node:internal/timers:549:7)

      70 |         });
      71 |       } catch (error) {
    > 72 |         console.error("Failed to fetch user data:", error);
         |                 ^
      73 |       } finally {
      74 |         setLoading(false);
      75 |       }

      at error (src/app/editUserProfile/page.tsx:72:17)

    console.error
      Failed to fetch user data: TypeError: Network request failed
          at /Users/ellahagen/Documents/Projects/h4i/cc-heritage-tree-foundation/node_modules/whatwg-fetch/dist/fetch.umd.js:567:18
          at Timeout.task [as _onTimeout] (/Users/ellahagen/Documents/Projects/h4i/cc-heritage-tree-foundation/node_modules/jsdom/lib/jsdom/browser/Window.js:520:19)
          at listOnTimeout (node:internal/timers:614:17)
          at processTimers (node:internal/timers:549:7)

      70 |         });
      71 |       } catch (error) {
    > 72 |         console.error("Failed to fetch user data:", error);
         |                 ^
      73 |       } finally {
      74 |         setLoading(false);
      75 |       }

      at error (src/app/editUserProfile/page.tsx:72:17)

    console.error
      Failed to fetch user data: TypeError: Network request failed
          at /Users/ellahagen/Documents/Projects/h4i/cc-heritage-tree-foundation/node_modules/whatwg-fetch/dist/fetch.umd.js:567:18
          at Timeout.task [as _onTimeout] (/Users/ellahagen/Documents/Projects/h4i/cc-heritage-tree-foundation/node_modules/jsdom/lib/jsdom/browser/Window.js:520:19)
          at listOnTimeout (node:internal/timers:614:17)
          at processTimers (node:internal/timers:549:7)

      70 |         });
      71 |       } catch (error) {
    > 72 |         console.error("Failed to fetch user data:", error);
         |                 ^
      73 |       } finally {
      74 |         setLoading(false);
      75 |       }

      at error (src/app/editUserProfile/page.tsx:72:17)

    console.error
      Failed to fetch user data: TypeError: Network request failed
          at /Users/ellahagen/Documents/Projects/h4i/cc-heritage-tree-foundation/node_modules/whatwg-fetch/dist/fetch.umd.js:567:18
          at Timeout.task [as _onTimeout] (/Users/ellahagen/Documents/Projects/h4i/cc-heritage-tree-foundation/node_modules/jsdom/lib/jsdom/browser/Window.js:520:19)
          at listOnTimeout (node:internal/timers:614:17)
          at processTimers (node:internal/timers:549:7)

      70 |         });
      71 |       } catch (error) {
    > 72 |         console.error("Failed to fetch user data:", error);
         |                 ^
      73 |       } finally {
      74 |         setLoading(false);
      75 |       }

      at error (src/app/editUserProfile/page.tsx:72:17)

    console.error
      Failed to fetch user data: TypeError: Network request failed
          at /Users/ellahagen/Documents/Projects/h4i/cc-heritage-tree-foundation/node_modules/whatwg-fetch/dist/fetch.umd.js:567:18
          at Timeout.task [as _onTimeout] (/Users/ellahagen/Documents/Projects/h4i/cc-heritage-tree-foundation/node_modules/jsdom/lib/jsdom/browser/Window.js:520:19)
          at listOnTimeout (node:internal/timers:614:17)
          at processTimers (node:internal/timers:549:7)

      70 |         });
      71 |       } catch (error) {
    > 72 |         console.error("Failed to fetch user data:", error);
         |                 ^
      73 |       } finally {
      74 |         setLoading(false);
      75 |       }

      at error (src/app/editUserProfile/page.tsx:72:17)

    console.error
      [Error: AggregateError] { type: 'XMLHttpRequest' }

      at VirtualConsole.<anonymous> (node_modules/jest-environment-jsdom/build/index.js:63:23)
      at Object.dispatchError (node_modules/jsdom/lib/jsdom/living/xhr/xhr-utils.js:66:53)
      at Request.<anonymous> (node_modules/jsdom/lib/jsdom/living/xhr/XMLHttpRequest-impl.js:655:18)
      at ClientRequest.<anonymous> (node_modules/jsdom/lib/jsdom/living/helpers/http-request.js:121:14)

    console.error
      Failed to fetch user data: TypeError: Network request failed
          at /Users/ellahagen/Documents/Projects/h4i/cc-heritage-tree-foundation/node_modules/whatwg-fetch/dist/fetch.umd.js:567:18
          at Timeout.task [as _onTimeout] (/Users/ellahagen/Documents/Projects/h4i/cc-heritage-tree-foundation/node_modules/jsdom/lib/jsdom/browser/Window.js:520:19)
          at listOnTimeout (node:internal/timers:614:17)
          at processTimers (node:internal/timers:549:7)

      70 |         });
      71 |       } catch (error) {
    > 72 |         console.error("Failed to fetch user data:", error);
         |                 ^
      73 |       } finally {
      74 |         setLoading(false);
      75 |       }

      at error (src/app/editUserProfile/page.tsx:72:17)

    console.error
      [Error: AggregateError] { type: 'XMLHttpRequest' }

      at VirtualConsole.<anonymous> (node_modules/jest-environment-jsdom/build/index.js:63:23)
      at Object.dispatchError (node_modules/jsdom/lib/jsdom/living/xhr/xhr-utils.js:66:53)
      at Request.<anonymous> (node_modules/jsdom/lib/jsdom/living/xhr/XMLHttpRequest-impl.js:655:18)
      at ClientRequest.<anonymous> (node_modules/jsdom/lib/jsdom/living/helpers/http-request.js:121:14)

    console.error
      [Error: AggregateError] { type: 'XMLHttpRequest' }

      at VirtualConsole.<anonymous> (node_modules/jest-environment-jsdom/build/index.js:63:23)
      at Object.dispatchError (node_modules/jsdom/lib/jsdom/living/xhr/xhr-utils.js:66:53)
      at Request.<anonymous> (node_modules/jsdom/lib/jsdom/living/xhr/XMLHttpRequest-impl.js:655:18)
      at ClientRequest.<anonymous> (node_modules/jsdom/lib/jsdom/living/helpers/http-request.js:121:14)

    console.error
      Failed to fetch user data: TypeError: Network request failed
          at /Users/ellahagen/Documents/Projects/h4i/cc-heritage-tree-foundation/node_modules/whatwg-fetch/dist/fetch.umd.js:567:18
          at Timeout.task [as _onTimeout] (/Users/ellahagen/Documents/Projects/h4i/cc-heritage-tree-foundation/node_modules/jsdom/lib/jsdom/browser/Window.js:520:19)
          at listOnTimeout (node:internal/timers:614:17)
          at processTimers (node:internal/timers:549:7)

      70 |         });
      71 |       } catch (error) {
    > 72 |         console.error("Failed to fetch user data:", error);
         |                 ^
      73 |       } finally {
      74 |         setLoading(false);
      75 |       }

      at error (src/app/editUserProfile/page.tsx:72:17)

    console.error
      Failed to fetch user data: TypeError: Network request failed
          at /Users/ellahagen/Documents/Projects/h4i/cc-heritage-tree-foundation/node_modules/whatwg-fetch/dist/fetch.umd.js:567:18
          at Timeout.task [as _onTimeout] (/Users/ellahagen/Documents/Projects/h4i/cc-heritage-tree-foundation/node_modules/jsdom/lib/jsdom/browser/Window.js:520:19)
          at listOnTimeout (node:internal/timers:614:17)
          at processTimers (node:internal/timers:549:7)

      70 |         });
      71 |       } catch (error) {
    > 72 |         console.error("Failed to fetch user data:", error);
         |                 ^
      73 |       } finally {
      74 |         setLoading(false);
      75 |       }

      at error (src/app/editUserProfile/page.tsx:72:17)

    console.error
      [Error: AggregateError] { type: 'XMLHttpRequest' }

      at VirtualConsole.<anonymous> (node_modules/jest-environment-jsdom/build/index.js:63:23)
      at Object.dispatchError (node_modules/jsdom/lib/jsdom/living/xhr/xhr-utils.js:66:53)
      at Request.<anonymous> (node_modules/jsdom/lib/jsdom/living/xhr/XMLHttpRequest-impl.js:655:18)
      at ClientRequest.<anonymous> (node_modules/jsdom/lib/jsdom/living/helpers/http-request.js:121:14)

    console.error
      Failed to fetch user data: TypeError: Network request failed
          at /Users/ellahagen/Documents/Projects/h4i/cc-heritage-tree-foundation/node_modules/whatwg-fetch/dist/fetch.umd.js:567:18
          at Timeout.task [as _onTimeout] (/Users/ellahagen/Documents/Projects/h4i/cc-heritage-tree-foundation/node_modules/jsdom/lib/jsdom/browser/Window.js:520:19)
          at listOnTimeout (node:internal/timers:614:17)
          at processTimers (node:internal/timers:549:7)

      70 |         });
      71 |       } catch (error) {
    > 72 |         console.error("Failed to fetch user data:", error);
         |                 ^
      73 |       } finally {
      74 |         setLoading(false);
      75 |       }

      at error (src/app/editUserProfile/page.tsx:72:17)

    console.error
      [Error: AggregateError] { type: 'XMLHttpRequest' }

      at VirtualConsole.<anonymous> (node_modules/jest-environment-jsdom/build/index.js:63:23)
      at Object.dispatchError (node_modules/jsdom/lib/jsdom/living/xhr/xhr-utils.js:66:53)
      at Request.<anonymous> (node_modules/jsdom/lib/jsdom/living/xhr/XMLHttpRequest-impl.js:655:18)
      at ClientRequest.<anonymous> (node_modules/jsdom/lib/jsdom/living/helpers/http-request.js:121:14)

    console.error
      [Error: AggregateError] { type: 'XMLHttpRequest' }

      at VirtualConsole.<anonymous> (node_modules/jest-environment-jsdom/build/index.js:63:23)
      at Object.dispatchError (node_modules/jsdom/lib/jsdom/living/xhr/xhr-utils.js:66:53)
      at Request.<anonymous> (node_modules/jsdom/lib/jsdom/living/xhr/XMLHttpRequest-impl.js:655:18)
      at ClientRequest.<anonymous> (node_modules/jsdom/lib/jsdom/living/helpers/http-request.js:121:14)

    console.error
      Failed to fetch user data: TypeError: Network request failed
          at /Users/ellahagen/Documents/Projects/h4i/cc-heritage-tree-foundation/node_modules/whatwg-fetch/dist/fetch.umd.js:567:18
          at Timeout.task [as _onTimeout] (/Users/ellahagen/Documents/Projects/h4i/cc-heritage-tree-foundation/node_modules/jsdom/lib/jsdom/browser/Window.js:520:19)
          at listOnTimeout (node:internal/timers:614:17)
          at processTimers (node:internal/timers:549:7)

      70 |         });
      71 |       } catch (error) {
    > 72 |         console.error("Failed to fetch user data:", error);
         |                 ^
      73 |       } finally {
      74 |         setLoading(false);
      75 |       }

      at error (src/app/editUserProfile/page.tsx:72:17)

    console.error
      Failed to fetch user data: TypeError: Network request failed
          at /Users/ellahagen/Documents/Projects/h4i/cc-heritage-tree-foundation/node_modules/whatwg-fetch/dist/fetch.umd.js:567:18
          at Timeout.task [as _onTimeout] (/Users/ellahagen/Documents/Projects/h4i/cc-heritage-tree-foundation/node_modules/jsdom/lib/jsdom/browser/Window.js:520:19)
          at listOnTimeout (node:internal/timers:614:17)
          at processTimers (node:internal/timers:549:7)

      70 |         });
      71 |       } catch (error) {
    > 72 |         console.error("Failed to fetch user data:", error);
         |                 ^
      73 |       } finally {
      74 |         setLoading(false);
      75 |       }

      at error (src/app/editUserProfile/page.tsx:72:17)

    console.error
      [Error: AggregateError] { type: 'XMLHttpRequest' }

      at VirtualConsole.<anonymous> (node_modules/jest-environment-jsdom/build/index.js:63:23)
      at Object.dispatchError (node_modules/jsdom/lib/jsdom/living/xhr/xhr-utils.js:66:53)
      at Request.<anonymous> (node_modules/jsdom/lib/jsdom/living/xhr/XMLHttpRequest-impl.js:655:18)
      at ClientRequest.<anonymous> (node_modules/jsdom/lib/jsdom/living/helpers/http-request.js:121:14)

    console.error
      Failed to fetch user data: TypeError: Network request failed
          at /Users/ellahagen/Documents/Projects/h4i/cc-heritage-tree-foundation/node_modules/whatwg-fetch/dist/fetch.umd.js:567:18
          at Timeout.task [as _onTimeout] (/Users/ellahagen/Documents/Projects/h4i/cc-heritage-tree-foundation/node_modules/jsdom/lib/jsdom/browser/Window.js:520:19)
          at listOnTimeout (node:internal/timers:614:17)
          at processTimers (node:internal/timers:549:7)

      70 |         });
      71 |       } catch (error) {
    > 72 |         console.error("Failed to fetch user data:", error);
         |                 ^
      73 |       } finally {
      74 |         setLoading(false);
      75 |       }

      at error (src/app/editUserProfile/page.tsx:72:17)

    console.error
      [Error: AggregateError] { type: 'XMLHttpRequest' }

      at VirtualConsole.<anonymous> (node_modules/jest-environment-jsdom/build/index.js:63:23)
      at Object.dispatchError (node_modules/jsdom/lib/jsdom/living/xhr/xhr-utils.js:66:53)
      at Request.<anonymous> (node_modules/jsdom/lib/jsdom/living/xhr/XMLHttpRequest-impl.js:655:18)
      at ClientRequest.<anonymous> (node_modules/jsdom/lib/jsdom/living/helpers/http-request.js:121:14)

    console.error
      [Error: AggregateError] { type: 'XMLHttpRequest' }

      at VirtualConsole.<anonymous> (node_modules/jest-environment-jsdom/build/index.js:63:23)
      at Object.dispatchError (node_modules/jsdom/lib/jsdom/living/xhr/xhr-utils.js:66:53)
      at Request.<anonymous> (node_modules/jsdom/lib/jsdom/living/xhr/XMLHttpRequest-impl.js:655:18)
      at ClientRequest.<anonymous> (node_modules/jsdom/lib/jsdom/living/helpers/http-request.js:121:14)

    console.error
      Failed to fetch user data: TypeError: Network request failed
          at /Users/ellahagen/Documents/Projects/h4i/cc-heritage-tree-foundation/node_modules/whatwg-fetch/dist/fetch.umd.js:567:18
          at Timeout.task [as _onTimeout] (/Users/ellahagen/Documents/Projects/h4i/cc-heritage-tree-foundation/node_modules/jsdom/lib/jsdom/browser/Window.js:520:19)
          at listOnTimeout (node:internal/timers:614:17)
          at processTimers (node:internal/timers:549:7)

      70 |         });
      71 |       } catch (error) {
    > 72 |         console.error("Failed to fetch user data:", error);
         |                 ^
      73 |       } finally {
      74 |         setLoading(false);
      75 |       }

      at error (src/app/editUserProfile/page.tsx:72:17)

    console.error
      Failed to fetch user data: TypeError: Network request failed
          at /Users/ellahagen/Documents/Projects/h4i/cc-heritage-tree-foundation/node_modules/whatwg-fetch/dist/fetch.umd.js:567:18
          at Timeout.task [as _onTimeout] (/Users/ellahagen/Documents/Projects/h4i/cc-heritage-tree-foundation/node_modules/jsdom/lib/jsdom/browser/Window.js:520:19)
          at listOnTimeout (node:internal/timers:614:17)
          at processTimers (node:internal/timers:549:7)

      70 |         });
      71 |       } catch (error) {
    > 72 |         console.error("Failed to fetch user data:", error);
         |                 ^
      73 |       } finally {
      74 |         setLoading(false);
      75 |       }

      at error (src/app/editUserProfile/page.tsx:72:17)

    console.error
      [Error: AggregateError] { type: 'XMLHttpRequest' }

      at VirtualConsole.<anonymous> (node_modules/jest-environment-jsdom/build/index.js:63:23)
      at Object.dispatchError (node_modules/jsdom/lib/jsdom/living/xhr/xhr-utils.js:66:53)
      at Request.<anonymous> (node_modules/jsdom/lib/jsdom/living/xhr/XMLHttpRequest-impl.js:655:18)
      at ClientRequest.<anonymous> (node_modules/jsdom/lib/jsdom/living/helpers/http-request.js:121:14)

    console.error
      Failed to fetch user data: TypeError: Network request failed
          at /Users/ellahagen/Documents/Projects/h4i/cc-heritage-tree-foundation/node_modules/whatwg-fetch/dist/fetch.umd.js:567:18
          at Timeout.task [as _onTimeout] (/Users/ellahagen/Documents/Projects/h4i/cc-heritage-tree-foundation/node_modules/jsdom/lib/jsdom/browser/Window.js:520:19)
          at listOnTimeout (node:internal/timers:614:17)
          at processTimers (node:internal/timers:549:7)

      70 |         });
      71 |       } catch (error) {
    > 72 |         console.error("Failed to fetch user data:", error);
         |                 ^
      73 |       } finally {
      74 |         setLoading(false);
      75 |       }

      at error (src/app/editUserProfile/page.tsx:72:17)

    console.error
      [Error: AggregateError] { type: 'XMLHttpRequest' }

      at VirtualConsole.<anonymous> (node_modules/jest-environment-jsdom/build/index.js:63:23)
      at Object.dispatchError (node_modules/jsdom/lib/jsdom/living/xhr/xhr-utils.js:66:53)
      at Request.<anonymous> (node_modules/jsdom/lib/jsdom/living/xhr/XMLHttpRequest-impl.js:655:18)
      at ClientRequest.<anonymous> (node_modules/jsdom/lib/jsdom/living/helpers/http-request.js:121:14)

    console.error
      Failed to fetch user data: TypeError: Network request failed
          at /Users/ellahagen/Documents/Projects/h4i/cc-heritage-tree-foundation/node_modules/whatwg-fetch/dist/fetch.umd.js:567:18
          at Timeout.task [as _onTimeout] (/Users/ellahagen/Documents/Projects/h4i/cc-heritage-tree-foundation/node_modules/jsdom/lib/jsdom/browser/Window.js:520:19)
          at listOnTimeout (node:internal/timers:614:17)
          at processTimers (node:internal/timers:549:7)

      70 |         });
      71 |       } catch (error) {
    > 72 |         console.error("Failed to fetch user data:", error);
         |                 ^
      73 |       } finally {
      74 |         setLoading(false);
      75 |       }

      at error (src/app/editUserProfile/page.tsx:72:17)

    console.error
      [Error: AggregateError] { type: 'XMLHttpRequest' }

      at VirtualConsole.<anonymous> (node_modules/jest-environment-jsdom/build/index.js:63:23)
      at Object.dispatchError (node_modules/jsdom/lib/jsdom/living/xhr/xhr-utils.js:66:53)
      at Request.<anonymous> (node_modules/jsdom/lib/jsdom/living/xhr/XMLHttpRequest-impl.js:655:18)
      at ClientRequest.<anonymous> (node_modules/jsdom/lib/jsdom/living/helpers/http-request.js:121:14)

    console.error
      Failed to fetch user data: TypeError: Network request failed
          at /Users/ellahagen/Documents/Projects/h4i/cc-heritage-tree-foundation/node_modules/whatwg-fetch/dist/fetch.umd.js:567:18
          at Timeout.task [as _onTimeout] (/Users/ellahagen/Documents/Projects/h4i/cc-heritage-tree-foundation/node_modules/jsdom/lib/jsdom/browser/Window.js:520:19)
          at listOnTimeout (node:internal/timers:614:17)
          at processTimers (node:internal/timers:549:7)

      70 |         });
      71 |       } catch (error) {
    > 72 |         console.error("Failed to fetch user data:", error);
         |                 ^
      73 |       } finally {
      74 |         setLoading(false);
      75 |       }

      at error (src/app/editUserProfile/page.tsx:72:17)

    console.error
      [Error: AggregateError] { type: 'XMLHttpRequest' }

      at VirtualConsole.<anonymous> (node_modules/jest-environment-jsdom/build/index.js:63:23)
      at Object.dispatchError (node_modules/jsdom/lib/jsdom/living/xhr/xhr-utils.js:66:53)
      at Request.<anonymous> (node_modules/jsdom/lib/jsdom/living/xhr/XMLHttpRequest-impl.js:655:18)
      at ClientRequest.<anonymous> (node_modules/jsdom/lib/jsdom/living/helpers/http-request.js:121:14)

    console.error
      [Error: AggregateError] { type: 'XMLHttpRequest' }

      at VirtualConsole.<anonymous> (node_modules/jest-environment-jsdom/build/index.js:63:23)
      at Object.dispatchError (node_modules/jsdom/lib/jsdom/living/xhr/xhr-utils.js:66:53)
      at Request.<anonymous> (node_modules/jsdom/lib/jsdom/living/xhr/XMLHttpRequest-impl.js:655:18)
      at ClientRequest.<anonymous> (node_modules/jsdom/lib/jsdom/living/helpers/http-request.js:121:14)

    console.error
      Failed to fetch user data: TypeError: Network request failed
          at /Users/ellahagen/Documents/Projects/h4i/cc-heritage-tree-foundation/node_modules/whatwg-fetch/dist/fetch.umd.js:567:18
          at Timeout.task [as _onTimeout] (/Users/ellahagen/Documents/Projects/h4i/cc-heritage-tree-foundation/node_modules/jsdom/lib/jsdom/browser/Window.js:520:19)
          at listOnTimeout (node:internal/timers:614:17)
          at processTimers (node:internal/timers:549:7)

      70 |         });
      71 |       } catch (error) {
    > 72 |         console.error("Failed to fetch user data:", error);
         |                 ^
      73 |       } finally {
      74 |         setLoading(false);
      75 |       }

      at error (src/app/editUserProfile/page.tsx:72:17)

    console.error
      [Error: AggregateError] { type: 'XMLHttpRequest' }

      at VirtualConsole.<anonymous> (node_modules/jest-environment-jsdom/build/index.js:63:23)
      at Object.dispatchError (node_modules/jsdom/lib/jsdom/living/xhr/xhr-utils.js:66:53)
      at Request.<anonymous> (node_modules/jsdom/lib/jsdom/living/xhr/XMLHttpRequest-impl.js:655:18)
      at ClientRequest.<anonymous> (node_modules/jsdom/lib/jsdom/living/helpers/http-request.js:121:14)

    console.error
      Failed to fetch user data: TypeError: Network request failed
          at /Users/ellahagen/Documents/Projects/h4i/cc-heritage-tree-foundation/node_modules/whatwg-fetch/dist/fetch.umd.js:567:18
          at Timeout.task [as _onTimeout] (/Users/ellahagen/Documents/Projects/h4i/cc-heritage-tree-foundation/node_modules/jsdom/lib/jsdom/browser/Window.js:520:19)
          at listOnTimeout (node:internal/timers:614:17)
          at processTimers (node:internal/timers:549:7)

      70 |         });
      71 |       } catch (error) {
    > 72 |         console.error("Failed to fetch user data:", error);
         |                 ^
      73 |       } finally {
      74 |         setLoading(false);
      75 |       }

      at error (src/app/editUserProfile/page.tsx:72:17)

    console.error
      [Error: AggregateError] { type: 'XMLHttpRequest' }

      at VirtualConsole.<anonymous> (node_modules/jest-environment-jsdom/build/index.js:63:23)
      at Object.dispatchError (node_modules/jsdom/lib/jsdom/living/xhr/xhr-utils.js:66:53)
      at Request.<anonymous> (node_modules/jsdom/lib/jsdom/living/xhr/XMLHttpRequest-impl.js:655:18)
      at ClientRequest.<anonymous> (node_modules/jsdom/lib/jsdom/living/helpers/http-request.js:121:14)

    console.error
      Failed to fetch user data: TypeError: Network request failed
          at /Users/ellahagen/Documents/Projects/h4i/cc-heritage-tree-foundation/node_modules/whatwg-fetch/dist/fetch.umd.js:567:18
          at Timeout.task [as _onTimeout] (/Users/ellahagen/Documents/Projects/h4i/cc-heritage-tree-foundation/node_modules/jsdom/lib/jsdom/browser/Window.js:520:19)
          at listOnTimeout (node:internal/timers:614:17)
          at processTimers (node:internal/timers:549:7)

      70 |         });
      71 |       } catch (error) {
    > 72 |         console.error("Failed to fetch user data:", error);
         |                 ^
      73 |       } finally {
      74 |         setLoading(false);
      75 |       }

      at error (src/app/editUserProfile/page.tsx:72:17)

    console.error
      Failed to fetch user data: TypeError: Network request failed
          at /Users/ellahagen/Documents/Projects/h4i/cc-heritage-tree-foundation/node_modules/whatwg-fetch/dist/fetch.umd.js:567:18
          at Timeout.task [as _onTimeout] (/Users/ellahagen/Documents/Projects/h4i/cc-heritage-tree-foundation/node_modules/jsdom/lib/jsdom/browser/Window.js:520:19)
          at listOnTimeout (node:internal/timers:614:17)
          at processTimers (node:internal/timers:549:7)

      70 |         });
      71 |       } catch (error) {
    > 72 |         console.error("Failed to fetch user data:", error);
         |                 ^
      73 |       } finally {
      74 |         setLoading(false);
      75 |       }

      at error (src/app/editUserProfile/page.tsx:72:17)

    console.error
      [Error: AggregateError] { type: 'XMLHttpRequest' }

      at VirtualConsole.<anonymous> (node_modules/jest-environment-jsdom/build/index.js:63:23)
      at Object.dispatchError (node_modules/jsdom/lib/jsdom/living/xhr/xhr-utils.js:66:53)
      at Request.<anonymous> (node_modules/jsdom/lib/jsdom/living/xhr/XMLHttpRequest-impl.js:655:18)
      at ClientRequest.<anonymous> (node_modules/jsdom/lib/jsdom/living/helpers/http-request.js:121:14)

    console.error
      [Error: AggregateError] { type: 'XMLHttpRequest' }

      at VirtualConsole.<anonymous> (node_modules/jest-environment-jsdom/build/index.js:63:23)
      at Object.dispatchError (node_modules/jsdom/lib/jsdom/living/xhr/xhr-utils.js:66:53)
      at Request.<anonymous> (node_modules/jsdom/lib/jsdom/living/xhr/XMLHttpRequest-impl.js:655:18)
      at ClientRequest.<anonymous> (node_modules/jsdom/lib/jsdom/living/helpers/http-request.js:121:14)

    console.error
      Failed to fetch user data: TypeError: Network request failed
          at /Users/ellahagen/Documents/Projects/h4i/cc-heritage-tree-foundation/node_modules/whatwg-fetch/dist/fetch.umd.js:567:18
          at Timeout.task [as _onTimeout] (/Users/ellahagen/Documents/Projects/h4i/cc-heritage-tree-foundation/node_modules/jsdom/lib/jsdom/browser/Window.js:520:19)
          at listOnTimeout (node:internal/timers:614:17)
          at processTimers (node:internal/timers:549:7)

      70 |         });
      71 |       } catch (error) {
    > 72 |         console.error("Failed to fetch user data:", error);
         |                 ^
      73 |       } finally {
      74 |         setLoading(false);
      75 |       }

      at error (src/app/editUserProfile/page.tsx:72:17)

    console.error
      Failed to fetch user data: TypeError: Network request failed
          at /Users/ellahagen/Documents/Projects/h4i/cc-heritage-tree-foundation/node_modules/whatwg-fetch/dist/fetch.umd.js:567:18
          at Timeout.task [as _onTimeout] (/Users/ellahagen/Documents/Projects/h4i/cc-heritage-tree-foundation/node_modules/jsdom/lib/jsdom/browser/Window.js:520:19)
          at listOnTimeout (node:internal/timers:614:17)
          at processTimers (node:internal/timers:549:7)

      70 |         });
      71 |       } catch (error) {
    > 72 |         console.error("Failed to fetch user data:", error);
         |                 ^
      73 |       } finally {
      74 |         setLoading(false);
      75 |       }

      at error (src/app/editUserProfile/page.tsx:72:17)

    console.error
      [Error: AggregateError] { type: 'XMLHttpRequest' }

      at VirtualConsole.<anonymous> (node_modules/jest-environment-jsdom/build/index.js:63:23)
      at Object.dispatchError (node_modules/jsdom/lib/jsdom/living/xhr/xhr-utils.js:66:53)
      at Request.<anonymous> (node_modules/jsdom/lib/jsdom/living/xhr/XMLHttpRequest-impl.js:655:18)
      at ClientRequest.<anonymous> (node_modules/jsdom/lib/jsdom/living/helpers/http-request.js:121:14)

    console.error
      Failed to fetch user data: TypeError: Network request failed
          at /Users/ellahagen/Documents/Projects/h4i/cc-heritage-tree-foundation/node_modules/whatwg-fetch/dist/fetch.umd.js:567:18
          at Timeout.task [as _onTimeout] (/Users/ellahagen/Documents/Projects/h4i/cc-heritage-tree-foundation/node_modules/jsdom/lib/jsdom/browser/Window.js:520:19)
          at listOnTimeout (node:internal/timers:614:17)
          at processTimers (node:internal/timers:549:7)

      70 |         });
      71 |       } catch (error) {
    > 72 |         console.error("Failed to fetch user data:", error);
         |                 ^
      73 |       } finally {
      74 |         setLoading(false);
      75 |       }

      at error (src/app/editUserProfile/page.tsx:72:17)

    console.error
      [Error: AggregateError] { type: 'XMLHttpRequest' }

      at VirtualConsole.<anonymous> (node_modules/jest-environment-jsdom/build/index.js:63:23)
      at Object.dispatchError (node_modules/jsdom/lib/jsdom/living/xhr/xhr-utils.js:66:53)
      at Request.<anonymous> (node_modules/jsdom/lib/jsdom/living/xhr/XMLHttpRequest-impl.js:655:18)
      at ClientRequest.<anonymous> (node_modules/jsdom/lib/jsdom/living/helpers/http-request.js:121:14)

    console.error
      [Error: AggregateError] { type: 'XMLHttpRequest' }

      at VirtualConsole.<anonymous> (node_modules/jest-environment-jsdom/build/index.js:63:23)
      at Object.dispatchError (node_modules/jsdom/lib/jsdom/living/xhr/xhr-utils.js:66:53)
      at Request.<anonymous> (node_modules/jsdom/lib/jsdom/living/xhr/XMLHttpRequest-impl.js:655:18)
      at ClientRequest.<anonymous> (node_modules/jsdom/lib/jsdom/living/helpers/http-request.js:121:14)

    console.error
      Failed to fetch user data: TypeError: Network request failed
          at /Users/ellahagen/Documents/Projects/h4i/cc-heritage-tree-foundation/node_modules/whatwg-fetch/dist/fetch.umd.js:567:18
          at Timeout.task [as _onTimeout] (/Users/ellahagen/Documents/Projects/h4i/cc-heritage-tree-foundation/node_modules/jsdom/lib/jsdom/browser/Window.js:520:19)
          at listOnTimeout (node:internal/timers:614:17)
          at processTimers (node:internal/timers:549:7)

      70 |         });
      71 |       } catch (error) {
    > 72 |         console.error("Failed to fetch user data:", error);
         |                 ^
      73 |       } finally {
      74 |         setLoading(false);
      75 |       }

      at error (src/app/editUserProfile/page.tsx:72:17)

    console.error
      Failed to fetch user data: TypeError: Network request failed
          at /Users/ellahagen/Documents/Projects/h4i/cc-heritage-tree-foundation/node_modules/whatwg-fetch/dist/fetch.umd.js:567:18
          at Timeout.task [as _onTimeout] (/Users/ellahagen/Documents/Projects/h4i/cc-heritage-tree-foundation/node_modules/jsdom/lib/jsdom/browser/Window.js:520:19)
          at listOnTimeout (node:internal/timers:614:17)
          at processTimers (node:internal/timers:549:7)

      70 |         });
      71 |       } catch (error) {
    > 72 |         console.error("Failed to fetch user data:", error);
         |                 ^
      73 |       } finally {
      74 |         setLoading(false);
      75 |       }

      at error (src/app/editUserProfile/page.tsx:72:17)

    console.error
      [Error: AggregateError] { type: 'XMLHttpRequest' }

      at VirtualConsole.<anonymous> (node_modules/jest-environment-jsdom/build/index.js:63:23)
      at Object.dispatchError (node_modules/jsdom/lib/jsdom/living/xhr/xhr-utils.js:66:53)
      at Request.<anonymous> (node_modules/jsdom/lib/jsdom/living/xhr/XMLHttpRequest-impl.js:655:18)
      at ClientRequest.<anonymous> (node_modules/jsdom/lib/jsdom/living/helpers/http-request.js:121:14)

    console.error
      Failed to fetch user data: TypeError: Network request failed
          at /Users/ellahagen/Documents/Projects/h4i/cc-heritage-tree-foundation/node_modules/whatwg-fetch/dist/fetch.umd.js:567:18
          at Timeout.task [as _onTimeout] (/Users/ellahagen/Documents/Projects/h4i/cc-heritage-tree-foundation/node_modules/jsdom/lib/jsdom/browser/Window.js:520:19)
          at listOnTimeout (node:internal/timers:614:17)
          at processTimers (node:internal/timers:549:7)

      70 |         });
      71 |       } catch (error) {
    > 72 |         console.error("Failed to fetch user data:", error);
         |                 ^
      73 |       } finally {
      74 |         setLoading(false);
      75 |       }

      at error (src/app/editUserProfile/page.tsx:72:17)

    console.error
      [Error: AggregateError] { type: 'XMLHttpRequest' }

      at VirtualConsole.<anonymous> (node_modules/jest-environment-jsdom/build/index.js:63:23)
      at Object.dispatchError (node_modules/jsdom/lib/jsdom/living/xhr/xhr-utils.js:66:53)
      at Request.<anonymous> (node_modules/jsdom/lib/jsdom/living/xhr/XMLHttpRequest-impl.js:655:18)
      at ClientRequest.<anonymous> (node_modules/jsdom/lib/jsdom/living/helpers/http-request.js:121:14)

    console.error
      [Error: AggregateError] { type: 'XMLHttpRequest' }

      at VirtualConsole.<anonymous> (node_modules/jest-environment-jsdom/build/index.js:63:23)
      at Object.dispatchError (node_modules/jsdom/lib/jsdom/living/xhr/xhr-utils.js:66:53)
      at Request.<anonymous> (node_modules/jsdom/lib/jsdom/living/xhr/XMLHttpRequest-impl.js:655:18)
      at ClientRequest.<anonymous> (node_modules/jsdom/lib/jsdom/living/helpers/http-request.js:121:14)

    console.error
      Failed to fetch user data: TypeError: Network request failed
          at /Users/ellahagen/Documents/Projects/h4i/cc-heritage-tree-foundation/node_modules/whatwg-fetch/dist/fetch.umd.js:567:18
          at Timeout.task [as _onTimeout] (/Users/ellahagen/Documents/Projects/h4i/cc-heritage-tree-foundation/node_modules/jsdom/lib/jsdom/browser/Window.js:520:19)
          at listOnTimeout (node:internal/timers:614:17)
          at processTimers (node:internal/timers:549:7)

      70 |         });
      71 |       } catch (error) {
    > 72 |         console.error("Failed to fetch user data:", error);
         |                 ^
      73 |       } finally {
      74 |         setLoading(false);
      75 |       }

      at error (src/app/editUserProfile/page.tsx:72:17)

    console.error
      [Error: AggregateError] { type: 'XMLHttpRequest' }

      at VirtualConsole.<anonymous> (node_modules/jest-environment-jsdom/build/index.js:63:23)
      at Object.dispatchError (node_modules/jsdom/lib/jsdom/living/xhr/xhr-utils.js:66:53)
      at Request.<anonymous> (node_modules/jsdom/lib/jsdom/living/xhr/XMLHttpRequest-impl.js:655:18)
      at ClientRequest.<anonymous> (node_modules/jsdom/lib/jsdom/living/helpers/http-request.js:121:14)

    console.error
      Failed to fetch user data: TypeError: Network request failed
          at /Users/ellahagen/Documents/Projects/h4i/cc-heritage-tree-foundation/node_modules/whatwg-fetch/dist/fetch.umd.js:567:18
          at Timeout.task [as _onTimeout] (/Users/ellahagen/Documents/Projects/h4i/cc-heritage-tree-foundation/node_modules/jsdom/lib/jsdom/browser/Window.js:520:19)
          at listOnTimeout (node:internal/timers:614:17)
          at processTimers (node:internal/timers:549:7)

      70 |         });
      71 |       } catch (error) {
    > 72 |         console.error("Failed to fetch user data:", error);
         |                 ^
      73 |       } finally {
      74 |         setLoading(false);
      75 |       }

      at error (src/app/editUserProfile/page.tsx:72:17)

    console.error
      [Error: AggregateError] { type: 'XMLHttpRequest' }

      at VirtualConsole.<anonymous> (node_modules/jest-environment-jsdom/build/index.js:63:23)
      at Object.dispatchError (node_modules/jsdom/lib/jsdom/living/xhr/xhr-utils.js:66:53)
      at Request.<anonymous> (node_modules/jsdom/lib/jsdom/living/xhr/XMLHttpRequest-impl.js:655:18)
      at ClientRequest.<anonymous> (node_modules/jsdom/lib/jsdom/living/helpers/http-request.js:121:14)

    console.error
      Failed to fetch user data: TypeError: Network request failed
          at /Users/ellahagen/Documents/Projects/h4i/cc-heritage-tree-foundation/node_modules/whatwg-fetch/dist/fetch.umd.js:567:18
          at Timeout.task [as _onTimeout] (/Users/ellahagen/Documents/Projects/h4i/cc-heritage-tree-foundation/node_modules/jsdom/lib/jsdom/browser/Window.js:520:19)
          at listOnTimeout (node:internal/timers:614:17)
          at processTimers (node:internal/timers:549:7)

      70 |         });
      71 |       } catch (error) {
    > 72 |         console.error("Failed to fetch user data:", error);
         |                 ^
      73 |       } finally {
      74 |         setLoading(false);
      75 |       }

      at error (src/app/editUserProfile/page.tsx:72:17)

    console.error
      [Error: AggregateError] { type: 'XMLHttpRequest' }

      at VirtualConsole.<anonymous> (node_modules/jest-environment-jsdom/build/index.js:63:23)
      at Object.dispatchError (node_modules/jsdom/lib/jsdom/living/xhr/xhr-utils.js:66:53)
      at Request.<anonymous> (node_modules/jsdom/lib/jsdom/living/xhr/XMLHttpRequest-impl.js:655:18)
      at ClientRequest.<anonymous> (node_modules/jsdom/lib/jsdom/living/helpers/http-request.js:121:14)

    console.error
      Failed to fetch user data: TypeError: Network request failed
          at /Users/ellahagen/Documents/Projects/h4i/cc-heritage-tree-foundation/node_modules/whatwg-fetch/dist/fetch.umd.js:567:18
          at Timeout.task [as _onTimeout] (/Users/ellahagen/Documents/Projects/h4i/cc-heritage-tree-foundation/node_modules/jsdom/lib/jsdom/browser/Window.js:520:19)
          at listOnTimeout (node:internal/timers:614:17)
          at processTimers (node:internal/timers:549:7)

      70 |         });
      71 |       } catch (error) {
    > 72 |         console.error("Failed to fetch user data:", error);
         |                 ^
      73 |       } finally {
      74 |         setLoading(false);
      75 |       }

      at error (src/app/editUserProfile/page.tsx:72:17)

    console.error
      [Error: AggregateError] { type: 'XMLHttpRequest' }

      at VirtualConsole.<anonymous> (node_modules/jest-environment-jsdom/build/index.js:63:23)
      at Object.dispatchError (node_modules/jsdom/lib/jsdom/living/xhr/xhr-utils.js:66:53)
      at Request.<anonymous> (node_modules/jsdom/lib/jsdom/living/xhr/XMLHttpRequest-impl.js:655:18)
      at ClientRequest.<anonymous> (node_modules/jsdom/lib/jsdom/living/helpers/http-request.js:121:14)

    console.error
      Failed to fetch user data: TypeError: Network request failed
          at /Users/ellahagen/Documents/Projects/h4i/cc-heritage-tree-foundation/node_modules/whatwg-fetch/dist/fetch.umd.js:567:18
          at Timeout.task [as _onTimeout] (/Users/ellahagen/Documents/Projects/h4i/cc-heritage-tree-foundation/node_modules/jsdom/lib/jsdom/browser/Window.js:520:19)
          at listOnTimeout (node:internal/timers:614:17)
          at processTimers (node:internal/timers:549:7)

      70 |         });
      71 |       } catch (error) {
    > 72 |         console.error("Failed to fetch user data:", error);
         |                 ^
      73 |       } finally {
      74 |         setLoading(false);
      75 |       }

      at error (src/app/editUserProfile/page.tsx:72:17)

    console.error
      Failed to fetch user data: TypeError: Network request failed
          at /Users/ellahagen/Documents/Projects/h4i/cc-heritage-tree-foundation/node_modules/whatwg-fetch/dist/fetch.umd.js:567:18
          at Timeout.task [as _onTimeout] (/Users/ellahagen/Documents/Projects/h4i/cc-heritage-tree-foundation/node_modules/jsdom/lib/jsdom/browser/Window.js:520:19)
          at listOnTimeout (node:internal/timers:614:17)
          at processTimers (node:internal/timers:549:7)

      70 |         });
      71 |       } catch (error) {
    > 72 |         console.error("Failed to fetch user data:", error);
         |                 ^
      73 |       } finally {
      74 |         setLoading(false);
      75 |       }

      at error (src/app/editUserProfile/page.tsx:72:17)

    console.error
      [Error: AggregateError] { type: 'XMLHttpRequest' }

      at VirtualConsole.<anonymous> (node_modules/jest-environment-jsdom/build/index.js:63:23)
      at Object.dispatchError (node_modules/jsdom/lib/jsdom/living/xhr/xhr-utils.js:66:53)
      at Request.<anonymous> (node_modules/jsdom/lib/jsdom/living/xhr/XMLHttpRequest-impl.js:655:18)
      at ClientRequest.<anonymous> (node_modules/jsdom/lib/jsdom/living/helpers/http-request.js:121:14)

    console.error
      Failed to fetch user data: TypeError: Network request failed
          at /Users/ellahagen/Documents/Projects/h4i/cc-heritage-tree-foundation/node_modules/whatwg-fetch/dist/fetch.umd.js:567:18
          at Timeout.task [as _onTimeout] (/Users/ellahagen/Documents/Projects/h4i/cc-heritage-tree-foundation/node_modules/jsdom/lib/jsdom/browser/Window.js:520:19)
          at listOnTimeout (node:internal/timers:614:17)
          at processTimers (node:internal/timers:549:7)

      70 |         });
      71 |       } catch (error) {
    > 72 |         console.error("Failed to fetch user data:", error);
         |                 ^
      73 |       } finally {
      74 |         setLoading(false);
      75 |       }

      at error (src/app/editUserProfile/page.tsx:72:17)

    console.error
      [Error: AggregateError] { type: 'XMLHttpRequest' }

      at VirtualConsole.<anonymous> (node_modules/jest-environment-jsdom/build/index.js:63:23)
      at Object.dispatchError (node_modules/jsdom/lib/jsdom/living/xhr/xhr-utils.js:66:53)
      at Request.<anonymous> (node_modules/jsdom/lib/jsdom/living/xhr/XMLHttpRequest-impl.js:655:18)
      at ClientRequest.<anonymous> (node_modules/jsdom/lib/jsdom/living/helpers/http-request.js:121:14)

    console.error
      Failed to fetch user data: TypeError: Network request failed
          at /Users/ellahagen/Documents/Projects/h4i/cc-heritage-tree-foundation/node_modules/whatwg-fetch/dist/fetch.umd.js:567:18
          at Timeout.task [as _onTimeout] (/Users/ellahagen/Documents/Projects/h4i/cc-heritage-tree-foundation/node_modules/jsdom/lib/jsdom/browser/Window.js:520:19)
          at listOnTimeout (node:internal/timers:614:17)
          at processTimers (node:internal/timers:549:7)

      70 |         });
      71 |       } catch (error) {
    > 72 |         console.error("Failed to fetch user data:", error);
         |                 ^
      73 |       } finally {
      74 |         setLoading(false);
      75 |       }

      at error (src/app/editUserProfile/page.tsx:72:17)

    console.error
      [Error: AggregateError] { type: 'XMLHttpRequest' }

      at VirtualConsole.<anonymous> (node_modules/jest-environment-jsdom/build/index.js:63:23)
      at Object.dispatchError (node_modules/jsdom/lib/jsdom/living/xhr/xhr-utils.js:66:53)
      at Request.<anonymous> (node_modules/jsdom/lib/jsdom/living/xhr/XMLHttpRequest-impl.js:655:18)
      at ClientRequest.<anonymous> (node_modules/jsdom/lib/jsdom/living/helpers/http-request.js:121:14)

    console.error
      Failed to fetch user data: TypeError: Network request failed
          at /Users/ellahagen/Documents/Projects/h4i/cc-heritage-tree-foundation/node_modules/whatwg-fetch/dist/fetch.umd.js:567:18
          at Timeout.task [as _onTimeout] (/Users/ellahagen/Documents/Projects/h4i/cc-heritage-tree-foundation/node_modules/jsdom/lib/jsdom/browser/Window.js:520:19)
          at listOnTimeout (node:internal/timers:614:17)
          at processTimers (node:internal/timers:549:7)

      70 |         });
      71 |       } catch (error) {
    > 72 |         console.error("Failed to fetch user data:", error);
         |                 ^
      73 |       } finally {
      74 |         setLoading(false);
      75 |       }

      at error (src/app/editUserProfile/page.tsx:72:17)

    console.error
      [Error: AggregateError] { type: 'XMLHttpRequest' }

      at VirtualConsole.<anonymous> (node_modules/jest-environment-jsdom/build/index.js:63:23)
      at Object.dispatchError (node_modules/jsdom/lib/jsdom/living/xhr/xhr-utils.js:66:53)
      at Request.<anonymous> (node_modules/jsdom/lib/jsdom/living/xhr/XMLHttpRequest-impl.js:655:18)
      at ClientRequest.<anonymous> (node_modules/jsdom/lib/jsdom/living/helpers/http-request.js:121:14)

    console.error
      Failed to fetch user data: TypeError: Network request failed
          at /Users/ellahagen/Documents/Projects/h4i/cc-heritage-tree-foundation/node_modules/whatwg-fetch/dist/fetch.umd.js:567:18
          at Timeout.task [as _onTimeout] (/Users/ellahagen/Documents/Projects/h4i/cc-heritage-tree-foundation/node_modules/jsdom/lib/jsdom/browser/Window.js:520:19)
          at listOnTimeout (node:internal/timers:614:17)
          at processTimers (node:internal/timers:549:7)

      70 |         });
      71 |       } catch (error) {
    > 72 |         console.error("Failed to fetch user data:", error);
         |                 ^
      73 |       } finally {
      74 |         setLoading(false);
      75 |       }

      at error (src/app/editUserProfile/page.tsx:72:17)

    console.error
      [Error: AggregateError] { type: 'XMLHttpRequest' }

      at VirtualConsole.<anonymous> (node_modules/jest-environment-jsdom/build/index.js:63:23)
      at Object.dispatchError (node_modules/jsdom/lib/jsdom/living/xhr/xhr-utils.js:66:53)
      at Request.<anonymous> (node_modules/jsdom/lib/jsdom/living/xhr/XMLHttpRequest-impl.js:655:18)
      at ClientRequest.<anonymous> (node_modules/jsdom/lib/jsdom/living/helpers/http-request.js:121:14)

    console.error
      Failed to fetch user data: TypeError: Network request failed
          at /Users/ellahagen/Documents/Projects/h4i/cc-heritage-tree-foundation/node_modules/whatwg-fetch/dist/fetch.umd.js:567:18
          at Timeout.task [as _onTimeout] (/Users/ellahagen/Documents/Projects/h4i/cc-heritage-tree-foundation/node_modules/jsdom/lib/jsdom/browser/Window.js:520:19)
          at listOnTimeout (node:internal/timers:614:17)
          at processTimers (node:internal/timers:549:7)

      70 |         });
      71 |       } catch (error) {
    > 72 |         console.error("Failed to fetch user data:", error);
         |                 ^
      73 |       } finally {
      74 |         setLoading(false);
      75 |       }

      at error (src/app/editUserProfile/page.tsx:72:17)

    console.error
      [Error: AggregateError] { type: 'XMLHttpRequest' }

      at VirtualConsole.<anonymous> (node_modules/jest-environment-jsdom/build/index.js:63:23)
      at Object.dispatchError (node_modules/jsdom/lib/jsdom/living/xhr/xhr-utils.js:66:53)
      at Request.<anonymous> (node_modules/jsdom/lib/jsdom/living/xhr/XMLHttpRequest-impl.js:655:18)
      at ClientRequest.<anonymous> (node_modules/jsdom/lib/jsdom/living/helpers/http-request.js:121:14)

    console.error
      [Error: AggregateError] { type: 'XMLHttpRequest' }

      at VirtualConsole.<anonymous> (node_modules/jest-environment-jsdom/build/index.js:63:23)
      at Object.dispatchError (node_modules/jsdom/lib/jsdom/living/xhr/xhr-utils.js:66:53)
      at Request.<anonymous> (node_modules/jsdom/lib/jsdom/living/xhr/XMLHttpRequest-impl.js:655:18)
      at ClientRequest.<anonymous> (node_modules/jsdom/lib/jsdom/living/helpers/http-request.js:121:14)

    console.error
      Failed to fetch user data: TypeError: Network request failed
          at /Users/ellahagen/Documents/Projects/h4i/cc-heritage-tree-foundation/node_modules/whatwg-fetch/dist/fetch.umd.js:567:18
          at Timeout.task [as _onTimeout] (/Users/ellahagen/Documents/Projects/h4i/cc-heritage-tree-foundation/node_modules/jsdom/lib/jsdom/browser/Window.js:520:19)
          at listOnTimeout (node:internal/timers:614:17)
          at processTimers (node:internal/timers:549:7)

      70 |         });
      71 |       } catch (error) {
    > 72 |         console.error("Failed to fetch user data:", error);
         |                 ^
      73 |       } finally {
      74 |         setLoading(false);
      75 |       }

      at error (src/app/editUserProfile/page.tsx:72:17)

    console.error
      Failed to fetch user data: TypeError: Network request failed
          at /Users/ellahagen/Documents/Projects/h4i/cc-heritage-tree-foundation/node_modules/whatwg-fetch/dist/fetch.umd.js:567:18
          at Timeout.task [as _onTimeout] (/Users/ellahagen/Documents/Projects/h4i/cc-heritage-tree-foundation/node_modules/jsdom/lib/jsdom/browser/Window.js:520:19)
          at listOnTimeout (node:internal/timers:614:17)
          at processTimers (node:internal/timers:549:7)

      70 |         });
      71 |       } catch (error) {
    > 72 |         console.error("Failed to fetch user data:", error);
         |                 ^
      73 |       } finally {
      74 |         setLoading(false);
      75 |       }

      at error (src/app/editUserProfile/page.tsx:72:17)

    console.error
      [Error: AggregateError] { type: 'XMLHttpRequest' }

      at VirtualConsole.<anonymous> (node_modules/jest-environment-jsdom/build/index.js:63:23)
      at Object.dispatchError (node_modules/jsdom/lib/jsdom/living/xhr/xhr-utils.js:66:53)
      at Request.<anonymous> (node_modules/jsdom/lib/jsdom/living/xhr/XMLHttpRequest-impl.js:655:18)
      at ClientRequest.<anonymous> (node_modules/jsdom/lib/jsdom/living/helpers/http-request.js:121:14)

    console.error
      Failed to fetch user data: TypeError: Network request failed
          at /Users/ellahagen/Documents/Projects/h4i/cc-heritage-tree-foundation/node_modules/whatwg-fetch/dist/fetch.umd.js:567:18
          at Timeout.task [as _onTimeout] (/Users/ellahagen/Documents/Projects/h4i/cc-heritage-tree-foundation/node_modules/jsdom/lib/jsdom/browser/Window.js:520:19)
          at listOnTimeout (node:internal/timers:614:17)
          at processTimers (node:internal/timers:549:7)

      70 |         });
      71 |       } catch (error) {
    > 72 |         console.error("Failed to fetch user data:", error);
         |                 ^
      73 |       } finally {
      74 |         setLoading(false);
      75 |       }

      at error (src/app/editUserProfile/page.tsx:72:17)

    console.error
      [Error: AggregateError] { type: 'XMLHttpRequest' }

      at VirtualConsole.<anonymous> (node_modules/jest-environment-jsdom/build/index.js:63:23)
      at Object.dispatchError (node_modules/jsdom/lib/jsdom/living/xhr/xhr-utils.js:66:53)
      at Request.<anonymous> (node_modules/jsdom/lib/jsdom/living/xhr/XMLHttpRequest-impl.js:655:18)
      at ClientRequest.<anonymous> (node_modules/jsdom/lib/jsdom/living/helpers/http-request.js:121:14)

    console.error
      [Error: AggregateError] { type: 'XMLHttpRequest' }

      at VirtualConsole.<anonymous> (node_modules/jest-environment-jsdom/build/index.js:63:23)
      at Object.dispatchError (node_modules/jsdom/lib/jsdom/living/xhr/xhr-utils.js:66:53)
      at Request.<anonymous> (node_modules/jsdom/lib/jsdom/living/xhr/XMLHttpRequest-impl.js:655:18)
      at ClientRequest.<anonymous> (node_modules/jsdom/lib/jsdom/living/helpers/http-request.js:121:14)

    console.error
      Failed to fetch user data: TypeError: Network request failed
          at /Users/ellahagen/Documents/Projects/h4i/cc-heritage-tree-foundation/node_modules/whatwg-fetch/dist/fetch.umd.js:567:18
          at Timeout.task [as _onTimeout] (/Users/ellahagen/Documents/Projects/h4i/cc-heritage-tree-foundation/node_modules/jsdom/lib/jsdom/browser/Window.js:520:19)
          at listOnTimeout (node:internal/timers:614:17)
          at processTimers (node:internal/timers:549:7)

      70 |         });
      71 |       } catch (error) {
    > 72 |         console.error("Failed to fetch user data:", error);
         |                 ^
      73 |       } finally {
      74 |         setLoading(false);
      75 |       }

      at error (src/app/editUserProfile/page.tsx:72:17)

    console.error
      Failed to fetch user data: TypeError: Network request failed
          at /Users/ellahagen/Documents/Projects/h4i/cc-heritage-tree-foundation/node_modules/whatwg-fetch/dist/fetch.umd.js:567:18
          at Timeout.task [as _onTimeout] (/Users/ellahagen/Documents/Projects/h4i/cc-heritage-tree-foundation/node_modules/jsdom/lib/jsdom/browser/Window.js:520:19)
          at listOnTimeout (node:internal/timers:614:17)
          at processTimers (node:internal/timers:549:7)

      70 |         });
      71 |       } catch (error) {
    > 72 |         console.error("Failed to fetch user data:", error);
         |                 ^
      73 |       } finally {
      74 |         setLoading(false);
      75 |       }

      at error (src/app/editUserProfile/page.tsx:72:17)

    console.error
      [Error: AggregateError] { type: 'XMLHttpRequest' }

      at VirtualConsole.<anonymous> (node_modules/jest-environment-jsdom/build/index.js:63:23)
      at Object.dispatchError (node_modules/jsdom/lib/jsdom/living/xhr/xhr-utils.js:66:53)
      at Request.<anonymous> (node_modules/jsdom/lib/jsdom/living/xhr/XMLHttpRequest-impl.js:655:18)
      at ClientRequest.<anonymous> (node_modules/jsdom/lib/jsdom/living/helpers/http-request.js:121:14)

    console.error
      [Error: AggregateError] { type: 'XMLHttpRequest' }

      at VirtualConsole.<anonymous> (node_modules/jest-environment-jsdom/build/index.js:63:23)
      at Object.dispatchError (node_modules/jsdom/lib/jsdom/living/xhr/xhr-utils.js:66:53)
      at Request.<anonymous> (node_modules/jsdom/lib/jsdom/living/xhr/XMLHttpRequest-impl.js:655:18)
      at ClientRequest.<anonymous> (node_modules/jsdom/lib/jsdom/living/helpers/http-request.js:121:14)

    console.error
      [Error: AggregateError] { type: 'XMLHttpRequest' }

      at VirtualConsole.<anonymous> (node_modules/jest-environment-jsdom/build/index.js:63:23)
      at Object.dispatchError (node_modules/jsdom/lib/jsdom/living/xhr/xhr-utils.js:66:53)
      at Request.<anonymous> (node_modules/jsdom/lib/jsdom/living/xhr/XMLHttpRequest-impl.js:655:18)
      at ClientRequest.<anonymous> (node_modules/jsdom/lib/jsdom/living/helpers/http-request.js:121:14)

    console.error
      Failed to fetch user data: TypeError: Network request failed
          at /Users/ellahagen/Documents/Projects/h4i/cc-heritage-tree-foundation/node_modules/whatwg-fetch/dist/fetch.umd.js:567:18
          at Timeout.task [as _onTimeout] (/Users/ellahagen/Documents/Projects/h4i/cc-heritage-tree-foundation/node_modules/jsdom/lib/jsdom/browser/Window.js:520:19)
          at listOnTimeout (node:internal/timers:614:17)
          at processTimers (node:internal/timers:549:7)

      70 |         });
      71 |       } catch (error) {
    > 72 |         console.error("Failed to fetch user data:", error);
         |                 ^
      73 |       } finally {
      74 |         setLoading(false);
      75 |       }

      at error (src/app/editUserProfile/page.tsx:72:17)

PASS __tests__/CreateAnnouncement.test.tsx
(node:93124) [DEP0040] DeprecationWarning: The `punycode` module is deprecated. Please use a userland alternative instead.
(Use `node --trace-deprecation ...` to show where the warning was created)
PASS __tests__/TreeEntryForm.test.tsx (6.486 s)
  ● Console

    console.log
      Tree type selected: Valley Oak

      at log (src/app/newTreeForm/page.tsx:126:13)

    console.log
      Tree type selected: Coast Live Oak

      at log (src/app/newTreeForm/page.tsx:126:13)

------------------------------|---------|----------|---------|---------|-----------------------------------------------------------------------------------------------------
File                          | % Stmts | % Branch | % Funcs | % Lines | Uncovered Line #s                                                                                   
------------------------------|---------|----------|---------|---------|-----------------------------------------------------------------------------------------------------
All files                     |   62.18 |    71.73 |   43.47 |   62.18 |                                                                                                     
 app/adminDashboard           |   92.44 |       50 |   71.42 |   92.44 |                                                                                                     
  page.tsx                    |   92.44 |       50 |   71.42 |   92.44 | 53,55,57,66-69,71-74,76-79,104-105,111-118,128-129,183-185                                          
 app/createAnnouncement       |   93.65 |       75 |   66.66 |   93.65 |                                                                                                     
  page.tsx                    |   93.65 |       75 |   66.66 |   93.65 | 58-60,65-66,95-99,103-105,134-135,180-184,197-201                                                   
 app/editUserProfile          |   77.22 |    57.89 |   71.42 |   77.22 |                                                                                                     
  page.tsx                    |   77.22 |    57.89 |   71.42 |   77.22 | 33-40,60-63,82-137,146                                                                              
 app/login                    |     100 |      100 |     100 |     100 |                                                                                                     
  page.tsx                    |     100 |      100 |     100 |     100 |                                                                                                     
 app/messages                 |    14.9 |       60 |    4.16 |    14.9 |                                                                                                     
  page.tsx                    |    14.9 |       60 |    4.16 |    14.9 | 80-89,92-98,101-107,111-117,120-121,125-127,131-144,147-150,153-156,159-162,165-201,204-268,273-759 
 app/newTreeForm              |    81.9 |      100 |   63.63 |    81.9 |                                                                                                     
  page.tsx                    |   79.48 |      100 |   63.63 |   79.48 | 92-114,117-122,180-255,303-332                                                                      
  tree-form-data.ts           |     100 |      100 |     100 |     100 |                                                                                                     
 app/signup                   |     100 |      100 |     100 |     100 |                                                                                                     
  page.tsx                    |     100 |      100 |     100 |     100 |                                                                                                     
 components                   |   46.31 |     64.7 |   44.44 |   46.31 |                                                                                                     
  DeleteMessagePopUp.tsx      |    9.61 |      100 |       0 |    9.61 | 6-52                                                                                                
  EditUserProfileMobile.tsx   |   16.78 |      100 |       0 |   16.78 | 22-135                                                                                              
  Map.tsx                     |      96 |    83.33 |      75 |      96 | 13-20,29                                                                                            
  MessagePopUp.tsx            |   15.62 |      100 |       0 |   15.62 | 6-32                                                                                                
  Navbar.tsx                  |   31.46 |       20 |      50 |   31.46 | 84,88-90,95-286                                                                                     
 styles                       |     100 |      100 |     100 |     100 |                                                                                                     
  AdminDashStyle.jsx          |     100 |      100 |     100 |     100 |                                                                                                     
  AllStyle.jsx                |     100 |      100 |     100 |     100 |                                                                                                     
  CreateAnnouncementStyle.jsx |     100 |      100 |     100 |     100 |                                                                                                     
  UserStyle.jsx               |     100 |      100 |     100 |     100 |                                                                                                     
  color-styles-data.ts        |     100 |      100 |     100 |     100 |                                                                                                     
------------------------------|---------|----------|---------|---------|-----------------------------------------------------------------------------------------------------

Test Suites: 1 failed, 7 passed, 8 total
Tests:       4 failed, 31 passed, 35 total
Snapshots:   0 total
Time:        7.315 s
Ran all test suites.
